Archive member included to satisfy reference by file (symbol)

../../../chleggett/DaisyExamples/libDaisy//build/libdaisy.a(daisy_pod.o)
                              build/sparkInit.o (daisy::DaisyPod::StartAudio(void (*)(float const* const*, float**, unsigned int)))
../../../chleggett/DaisyExamples/libDaisy//build/libdaisy.a(daisy_seed.o)
                              ../../../chleggett/DaisyExamples/libDaisy//build/libdaisy.a(daisy_pod.o) (daisy::DaisySeed::Configure())
../../../chleggett/DaisyExamples/libDaisy//build/libdaisy.a(codec_ak4556.o)
                              ../../../chleggett/DaisyExamples/libDaisy//build/libdaisy.a(daisy_seed.o) (daisy::Ak4556::Init(dsy_gpio_pin))
../../../chleggett/DaisyExamples/libDaisy//build/libdaisy.a(codec_wm8731.o)
                              ../../../chleggett/DaisyExamples/libDaisy//build/libdaisy.a(daisy_seed.o) (daisy::Wm8731::Init(daisy::Wm8731::Config const&, daisy::I2CHandle))
../../../chleggett/DaisyExamples/libDaisy//build/libdaisy.a(sdram.o)
                              ../../../chleggett/DaisyExamples/libDaisy//build/libdaisy.a(daisy_seed.o) (SdramHandle::Init())
../../../chleggett/DaisyExamples/libDaisy//build/libdaisy.a(audio.o)
                              ../../../chleggett/DaisyExamples/libDaisy//build/libdaisy.a(daisy_seed.o) (daisy::AudioHandle::Init(daisy::AudioHandle::Config const&, daisy::SaiHandle))
../../../chleggett/DaisyExamples/libDaisy//build/libdaisy.a(ctrl.o)
                              ../../../chleggett/DaisyExamples/libDaisy//build/libdaisy.a(daisy_pod.o) (daisy::AnalogControl::Init(unsigned short*, float, bool, bool, float))
../../../chleggett/DaisyExamples/libDaisy//build/libdaisy.a(encoder.o)
                              ../../../chleggett/DaisyExamples/libDaisy//build/libdaisy.a(daisy_pod.o) (daisy::Encoder::Init(dsy_gpio_pin, dsy_gpio_pin, dsy_gpio_pin, float))
../../../chleggett/DaisyExamples/libDaisy//build/libdaisy.a(midi.o)
                              build/sparkInit.o (daisy::MidiUartTransport::Config::Config())
../../../chleggett/DaisyExamples/libDaisy//build/libdaisy.a(midi_parser.o)
                              ../../../chleggett/DaisyExamples/libDaisy//build/libdaisy.a(daisy_pod.o) (daisy::MidiParser::Reset())
../../../chleggett/DaisyExamples/libDaisy//build/libdaisy.a(rgb_led.o)
                              ../../../chleggett/DaisyExamples/libDaisy//build/libdaisy.a(daisy_pod.o) (daisy::RgbLed::Init(dsy_gpio_pin, dsy_gpio_pin, dsy_gpio_pin, bool))
../../../chleggett/DaisyExamples/libDaisy//build/libdaisy.a(switch.o)
                              ../../../chleggett/DaisyExamples/libDaisy//build/libdaisy.a(daisy_pod.o) (daisy::Switch::Init(dsy_gpio_pin, float))
../../../chleggett/DaisyExamples/libDaisy//build/libdaisy.a(adc.o)
                              ../../../chleggett/DaisyExamples/libDaisy//build/libdaisy.a(daisy_pod.o) (daisy::AdcChannelConfig::InitSingle(dsy_gpio_pin, daisy::AdcChannelConfig::ConversionSpeed))
../../../chleggett/DaisyExamples/libDaisy//build/libdaisy.a(gpio.o)
                              ../../../chleggett/DaisyExamples/libDaisy//build/libdaisy.a(daisy_seed.o) (daisy::GPIO::Init(daisy::Pin, daisy::GPIO::Mode, daisy::GPIO::Pull, daisy::GPIO::Speed))
../../../chleggett/DaisyExamples/libDaisy//build/libdaisy.a(i2c.o)
                              ../../../chleggett/DaisyExamples/libDaisy//build/libdaisy.a(daisy_seed.o) (daisy::I2CHandle::Init(daisy::I2CHandle::Config const&))
../../../chleggett/DaisyExamples/libDaisy//build/libdaisy.a(qspi.o)
                              ../../../chleggett/DaisyExamples/libDaisy//build/libdaisy.a(daisy_seed.o) (daisy::QSPIHandle::Init(daisy::QSPIHandle::Config const&))
../../../chleggett/DaisyExamples/libDaisy//build/libdaisy.a(sai.o)
                              ../../../chleggett/DaisyExamples/libDaisy//build/libdaisy.a(daisy_seed.o) (daisy::SaiHandle::Init(daisy::SaiHandle::Config const&))
../../../chleggett/DaisyExamples/libDaisy//build/libdaisy.a(uart.o)
                              ../../../chleggett/DaisyExamples/libDaisy//build/libdaisy.a(daisy_pod.o) (daisy::UartHandler::Init(daisy::UartHandler::Config const&))
../../../chleggett/DaisyExamples/libDaisy//build/libdaisy.a(dma.o)
                              ../../../chleggett/DaisyExamples/libDaisy//build/libdaisy.a(uart.o) (dsy_dma_invalidate_cache_for_buffer)
../../../chleggett/DaisyExamples/libDaisy//build/libdaisy.a(system.o)
                              ../../../chleggett/DaisyExamples/libDaisy//build/libdaisy.a(daisy_seed.o) (daisy::System::DeInit())
../../../chleggett/DaisyExamples/libDaisy//build/libdaisy.a(system_stm32h7xx.o)
                              build/startup_stm32h750xx.o (SystemInit)
../../../chleggett/DaisyExamples/libDaisy//build/libdaisy.a(usbd_conf.o)
                              ../../../chleggett/DaisyExamples/libDaisy//build/libdaisy.a(system.o) (hpcd_USB_OTG_HS)
../../../chleggett/DaisyExamples/libDaisy//build/libdaisy.a(usbh_conf.o)
[...]
Memory Configuration

Name             Origin             Length             Attributes
FLASH            0x0000000008000000 0x0000000000020000 xr
DTCMRAM          0x0000000020000000 0x0000000000020000 xrw
SRAM             0x0000000024000000 0x0000000000080000 xrw
RAM_D2           0x0000000030000000 0x0000000000048000 xrw
RAM_D3           0x0000000038000000 0x0000000000010000 xrw
BACKUP_SRAM      0x0000000038800000 0x0000000000001000 xrw
ITCMRAM          0x0000000000000000 0x0000000000010000 xrw
SDRAM            0x00000000c0000000 0x0000000004000000 xrw
QSPIFLASH        0x0000000090000000 0x0000000000800000 xr
*default*        0x0000000000000000 0xffffffffffffffff

Linker script and memory map

LOAD /Library/DaisyToolchain/0.2.0/arm/bin/../lib/gcc/arm-none-eabi/10.3.1/thumb/v7e-m+dp/hard/crti.o
LOAD /Library/DaisyToolchain/0.2.0/arm/bin/../lib/gcc/arm-none-eabi/10.3.1/thumb/v7e-m+dp/hard/crtbegin.o
LOAD /Library/DaisyToolchain/0.2.0/arm/bin/../lib/gcc/arm-none-eabi/10.3.1/../../../../arm-none-eabi/lib/thumb/v7e-m+dp/hard/crt0.o
LOAD build/startup_stm32h750xx.o
LOAD build/sparkInit.o
LOAD ../../../chleggett/DaisyExamples/libDaisy//build/libdaisy.a
LOAD /Library/DaisyToolchain/0.2.0/arm/bin/../lib/gcc/arm-none-eabi/10.3.1/../../../../arm-none-eabi/lib/thumb/v7e-m+dp/hard/libnosys.a
LOAD ../../../chleggett/DaisyExamples/DaisySP//build/libdaisysp.a
LOAD /Library/DaisyToolchain/0.2.0/arm/bin/../lib/gcc/arm-none-eabi/10.3.1/../../../../arm-none-eabi/lib/thumb/v7e-m+dp/hard/libstdc++_nano.a
LOAD /Library/DaisyToolchain/0.2.0/arm/bin/../lib/gcc/arm-none-eabi/10.3.1/../../../../arm-none-eabi/lib/thumb/v7e-m+dp/hard/libm.a
LOAD /Library/DaisyToolchain/0.2.0/arm/bin/../lib/gcc/arm-none-eabi/10.3.1/../../../../arm-none-eabi/lib/thumb/v7e-m+dp/hard/libc_nano.a
START GROUP
LOAD /Library/DaisyToolchain/0.2.0/arm/bin/../lib/gcc/arm-none-eabi/10.3.1/thumb/v7e-m+dp/hard/libgcc.a
LOAD /Library/DaisyToolchain/0.2.0/arm/bin/../lib/gcc/arm-none-eabi/10.3.1/../../../../arm-none-eabi/lib/thumb/v7e-m+dp/hard/libc_nano.a
END GROUP
START GROUP
LOAD /Library/DaisyToolchain/0.2.0/arm/bin/../lib/gcc/arm-none-eabi/10.3.1/thumb/v7e-m+dp/hard/libgcc.a
LOAD /Library/DaisyToolchain/0.2.0/arm/bin/../lib/gcc/arm-none-eabi/10.3.1/../../../../arm-none-eabi/lib/thumb/v7e-m+dp/hard/libc_nano.a
LOAD /Library/DaisyToolchain/0.2.0/arm/bin/../lib/gcc/arm-none-eabi/10.3.1/../../../../arm-none-eabi/lib/thumb/v7e-m+dp/hard/libnosys.a
END GROUP
START GROUP
LOAD /Library/DaisyToolchain/0.2.0/arm/bin/../lib/gcc/arm-none-eabi/10.3.1/thumb/v7e-m+dp/hard/libgcc.a
LOAD /Library/DaisyToolchain/0.2.0/arm/bin/../lib/gcc/arm-none-eabi/10.3.1/../../../../arm-none-eabi/lib/thumb/v7e-m+dp/hard/libc_nano.a
LOAD /Library/DaisyToolchain/0.2.0/arm/bin/../lib/gcc/arm-none-eabi/10.3.1/../../../../arm-none-eabi/lib/thumb/v7e-m+dp/hard/libnosys.a
END GROUP
LOAD /Library/DaisyToolchain/0.2.0/arm/bin/../lib/gcc/arm-none-eabi/10.3.1/thumb/v7e-m+dp/hard/crtend.o
LOAD /Library/DaisyToolchain/0.2.0/arm/bin/../lib/gcc/arm-none-eabi/10.3.1/thumb/v7e-m+dp/hard/crtn.o
                0x0000000020020000                _estack = 0x20020000

.isr_vector     0x0000000008000000      0x298
                0x0000000008000000                . = ALIGN (0x4)
 *(.isr_vector)
 .isr_vector    0x0000000008000000      0x298 build/startup_stm32h750xx.o
                0x0000000008000000                g_pfnVectors
                0x0000000008000298                . = ALIGN (0x4)

.text           0x0000000008000298    0x112c0
                0x0000000008000298                . = ALIGN (0x4)
                0x0000000008000298                _stext = .
 *(.text)
 .text          0x0000000008000298       0x40 /Library/DaisyToolchain/0.2.0/arm/bin/../lib/gcc/arm-none-eabi/10.3.1/thumb/v7e-m+dp/hard/crtbegin.o
 .text          0x00000000080002d8       0x30 /Library/DaisyToolchain/0.2.0/arm/bin/../lib/gcc/arm-none-eabi/10.3.1/thumb/v7e-m+dp/hard/libgcc.a(_aeabi_uldivmod.o)
                0x00000000080002d8                __aeabi_uldivmod
 .text          0x0000000008000308      0x2d0 /Library/DaisyToolchain/0.2.0/arm/bin/../lib/gcc/arm-none-eabi/10.3.1/thumb/v7e-m+dp/hard/libgcc.a(_udivmoddi4.o)
                0x0000000008000308                __udivmoddi4
 .text          0x00000000080005d8        0x4 /Library/DaisyToolchain/0.2.0/arm/bin/../lib/gcc/arm-none-eabi/10.3.1/thumb/v7e-m+dp/hard/libgcc.a(_dvmd_tls.o)
                0x00000000080005d8                __aeabi_ldiv0
                0x00000000080005d8                __aeabi_idiv0
 *(.text*)
 .text.Default_Handler
                0x00000000080005dc        0x4 build/startup_stm32h750xx.o
                0x00000000080005dc                SAI1_IRQHandler
                0x00000000080005dc                HASH_RNG_IRQHandler
                0x00000000080005dc                EXTI2_IRQHandler
                0x00000000080005dc                TIM8_CC_IRQHandler
                0x00000000080005dc                HRTIM1_Master_IRQHandler
                0x00000000080005dc                DebugMon_Handler
                0x00000000080005dc                TIM1_CC_IRQHandler
                0x00000000080005dc                BDMA_Channel6_IRQHandler
                0x00000000080005dc                DMA2_Stream5_IRQHandler
                0x00000000080005dc                HRTIM1_FLT_IRQHandler
                0x00000000080005dc                JPEG_IRQHandler
                0x00000000080005dc                BDMA_Channel1_IRQHandler
                0x00000000080005dc                HRTIM1_TIMD_IRQHandler
                0x00000000080005dc                TAMP_STAMP_IRQHandler
                0x00000000080005dc                PendSV_Handler
                0x00000000080005dc                NMI_Handler
                0x00000000080005dc                EXTI3_IRQHandler
                0x00000000080005dc                LPTIM4_IRQHandler
                0x00000000080005dc                TIM8_TRG_COM_TIM14_IRQHandler
                0x00000000080005dc                LPTIM2_IRQHandler
                0x00000000080005dc                DFSDM1_FLT1_IRQHandler
                0x00000000080005dc                DMAMUX2_OVR_IRQHandler
                0x00000000080005dc                TIM8_UP_TIM13_IRQHandler
                0x00000000080005dc                I2C3_ER_IRQHandler
                0x00000000080005dc                DFSDM1_FLT2_IRQHandler
                0x00000000080005dc                MDMA_IRQHandler
                0x00000000080005dc                LPTIM3_IRQHandler
                0x00000000080005dc                HSEM1_IRQHandler
                0x00000000080005dc                EXTI0_IRQHandler
                0x00000000080005dc                FPU_IRQHandler
                0x00000000080005dc                OTG_HS_WKUP_IRQHandler
                0x00000000080005dc                FDCAN1_IT1_IRQHandler
                0x00000000080005dc                UsageFault_Handler
                0x00000000080005dc                LTDC_ER_IRQHandler
                0x00000000080005dc                HRTIM1_TIME_IRQHandler
                0x00000000080005dc                TIM6_DAC_IRQHandler
                0x00000000080005dc                DCMI_IRQHandler
                0x00000000080005dc                HRTIM1_TIMC_IRQHandler
                0x00000000080005dc                SAI2_IRQHandler
                0x00000000080005dc                DFSDM1_FLT3_IRQHandler
                0x00000000080005dc                TIM17_IRQHandler
                0x00000000080005dc                CRYP_IRQHandler
                0x00000000080005dc                BDMA_Channel7_IRQHandler
                0x00000000080005dc                LPTIM5_IRQHandler
                0x00000000080005dc                ADC3_IRQHandler
                0x00000000080005dc                DMA2_Stream0_IRQHandler
                0x00000000080005dc                BDMA_Channel2_IRQHandler
                0x00000000080005dc                DMAMUX1_OVR_IRQHandler
                0x00000000080005dc                TIM16_IRQHandler
                0x00000000080005dc                BDMA_Channel5_IRQHandler
                0x00000000080005dc                RCC_IRQHandler
                0x00000000080005dc                TIM8_BRK_TIM12_IRQHandler
                0x00000000080005dc                TIM1_TRG_COM_IRQHandler
                0x00000000080005dc                Default_Handler
                0x00000000080005dc                ECC_IRQHandler
                0x00000000080005dc                CEC_IRQHandler
                0x00000000080005dc                EXTI15_10_IRQHandler
                0x00000000080005dc                BDMA_Channel0_IRQHandler
                0x00000000080005dc                ADC_IRQHandler
                0x00000000080005dc                DMA1_Stream7_IRQHandler
                0x00000000080005dc                HRTIM1_TIMA_IRQHandler
                0x00000000080005dc                TIM7_IRQHandler
                0x00000000080005dc                SDMMC1_IRQHandler
                0x00000000080005dc                DMA2_Stream7_IRQHandler
                0x00000000080005dc                TIM15_IRQHandler
                0x00000000080005dc                PVD_AVD_IRQHandler
                0x00000000080005dc                EXTI9_5_IRQHandler
                0x00000000080005dc                RTC_WKUP_IRQHandler
                0x00000000080005dc                LTDC_IRQHandler
                0x00000000080005dc                SAI3_IRQHandler
                0x00000000080005dc                ETH_WKUP_IRQHandler
                0x00000000080005dc                SPDIF_RX_IRQHandler
                0x00000000080005dc                MemManage_Handler
                0x00000000080005dc                SVC_Handler
                0x00000000080005dc                CRS_IRQHandler
                0x00000000080005dc                EXTI4_IRQHandler
                0x00000000080005dc                HRTIM1_TIMB_IRQHandler
                0x00000000080005dc                FDCAN2_IT1_IRQHandler
                0x00000000080005dc                ETH_IRQHandler
                0x00000000080005dc                TIM1_UP_IRQHandler
                0x00000000080005dc                BDMA_Channel4_IRQHandler
                0x00000000080005dc                WWDG_IRQHandler
                0x00000000080005dc                SPI6_IRQHandler
                0x00000000080005dc                I2C4_EV_IRQHandler
                0x00000000080005dc                MDIOS_IRQHandler
                0x00000000080005dc                FDCAN2_IT0_IRQHandler
                0x00000000080005dc                FDCAN1_IT0_IRQHandler
                0x00000000080005dc                OTG_FS_WKUP_IRQHandler
                0x00000000080005dc                DMA2D_IRQHandler
                0x00000000080005dc                TIM1_BRK_IRQHandler
                0x00000000080005dc                EXTI1_IRQHandler
                0x00000000080005dc                SDMMC2_IRQHandler
                0x00000000080005dc                OTG_FS_EP1_OUT_IRQHandler
                0x00000000080005dc                BDMA_Channel3_IRQHandler
                0x00000000080005dc                MDIOS_WKUP_IRQHandler
                0x00000000080005dc                DFSDM1_FLT0_IRQHandler
                0x00000000080005dc                SAI4_IRQHandler
                0x00000000080005dc                I2C2_ER_IRQHandler
                0x00000000080005dc                DMA2_Stream1_IRQHandler
                0x00000000080005dc                FLASH_IRQHandler
                0x00000000080005dc                BusFault_Handler
                0x00000000080005dc                OTG_FS_IRQHandler
                0x00000000080005dc                WAKEUP_PIN_IRQHandler
                0x00000000080005dc                OTG_FS_EP1_IN_IRQHandler
                0x00000000080005dc                I2C1_ER_IRQHandler
                0x00000000080005dc                FMC_IRQHandler
                0x00000000080005dc                FDCAN_CAL_IRQHandler
                0x00000000080005dc                SWPMI1_IRQHandler
                0x00000000080005dc                COMP1_IRQHandler
                0x00000000080005dc                LPTIM1_IRQHandler
                0x00000000080005dc                I2C4_ER_IRQHandler
                0x00000000080005dc                DMA2_Stream6_IRQHandler
                0x00000000080005dc                RTC_Alarm_IRQHandler
 .text.Reset_Handler
                0x00000000080005e0       0x44 build/startup_stm32h750xx.o
                0x00000000080005e0                Reset_Handler
 .text._ZN5daisy8DaisyPodD2Ev
                0x0000000008000624        0x4 build/sparkInit.o
                0x0000000008000624                daisy::DaisyPod::~DaisyPod()
                0x0000000008000624                daisy::DaisyPod::~DaisyPod()
 .text._Z13AudioCallbackPKPKfPPfj
                0x0000000008000628       0x3c build/sparkInit.o
                0x0000000008000628                AudioCallback(float const* const*, float**, unsigned int)
 .text.startup.main
                0x0000000008000664       0x34 build/sparkInit.o
                0x0000000008000664                main
 .text.startup._GLOBAL__sub_I_hw
                0x0000000008000698       0x5c build/sparkInit.o
 .text._ZN5daisy8DaisyPod10StartAudioEPFvPKPKfPPfjE
                0x00000000080006f4        0x4 ../../../chleggett/DaisyExamples/libDaisy//build/libdaisy.a(daisy_pod.o)
                0x00000000080006f4                daisy::DaisyPod::StartAudio(void (*)(float const* const*, float**, unsigned int))
 .text._ZN5daisy8DaisyPod17SetAudioBlockSizeEj
                0x00000000080006f8       0x2c ../../../chleggett/DaisyExamples/libDaisy//build/libdaisy.a(daisy_pod.o)
                0x00000000080006f8                daisy::DaisyPod::SetAudioBlockSize(unsigned int)
 .text._ZN5daisy8DaisyPod18SetAudioSampleRateENS_9SaiHandle6Config10SampleRateE
                0x0000000008000724       0x2c ../../../chleggett/DaisyExamples/libDaisy//build/libdaisy.a(daisy_pod.o)
                0x0000000008000724                daisy::DaisyPod::SetAudioSampleRate(daisy::SaiHandle::Config::SampleRate)
 .text._ZN5daisy8DaisyPod8StartAdcEv
                0x0000000008000750        0x8 ../../../chleggett/DaisyExamples/libDaisy//build/libdaisy.a(daisy_pod.o)
                0x0000000008000750                daisy::DaisyPod::StartAdc()
 .text._ZN5daisy8DaisyPod21ProcessAnalogControlsEv
                0x0000000008000758       0x18 ../../../chleggett/DaisyExamples/libDaisy//build/libdaisy.a(daisy_pod.o)
                0x0000000008000758                daisy::DaisyPod::ProcessAnalogControls()
 .text._ZN5daisy8DaisyPod22ProcessDigitalControlsEv
                0x0000000008000770       0x20 ../../../chleggett/DaisyExamples/libDaisy//build/libdaisy.a(daisy_pod.o)
                0x0000000008000770                daisy::DaisyPod::ProcessDigitalControls()
 .text._ZN5daisy8DaisyPod8InitLedsEv
                0x0000000008000790       0x98 ../../../chleggett/DaisyExamples/libDaisy//build/libdaisy.a(daisy_pod.o)
                0x0000000008000790                daisy::DaisyPod::InitLeds()
 .text._ZN5daisy8DaisyPod9InitKnobsEv
                0x0000000008000828       0x90 ../../../chleggett/DaisyExamples/libDaisy//build/libdaisy.a(daisy_pod.o)
                0x0000000008000828                daisy::DaisyPod::InitKnobs()
 .text._ZN5daisy8DaisyPod4InitEb
                0x00000000080008b8      0x128 ../../../chleggett/DaisyExamples/libDaisy//build/libdaisy.a(daisy_pod.o)
                0x00000000080008b8                daisy::DaisyPod::Init(bool)
 .text._ZN5daisy9DaisySeed9ConfigureEv
                0x00000000080009e0        0x4 ../../../chleggett/DaisyExamples/libDaisy//build/libdaisy.a(daisy_seed.o)
                0x00000000080009e0                daisy::DaisySeed::Configure()
 .text._ZN5daisy9DaisySeed10StartAudioEPFvPKPKfPPfjE
                0x00000000080009e4        0x8 ../../../chleggett/DaisyExamples/libDaisy//build/libdaisy.a(daisy_seed.o)
                0x00000000080009e4                daisy::DaisySeed::StartAudio(void (*)(float const* const*, float**, unsigned int))
 .text._ZN5daisy9DaisySeed18SetAudioSampleRateENS_9SaiHandle6Config10SampleRateE
                0x00000000080009ec       0x38 ../../../chleggett/DaisyExamples/libDaisy//build/libdaisy.a(daisy_seed.o)
                0x00000000080009ec                daisy::DaisySeed::SetAudioSampleRate(daisy::SaiHandle::Config::SampleRate)
 .text._ZN5daisy9DaisySeed17SetAudioBlockSizeEj
                0x0000000008000a24       0x38 ../../../chleggett/DaisyExamples/libDaisy//build/libdaisy.a(daisy_seed.o)
                0x0000000008000a24                daisy::DaisySeed::SetAudioBlockSize(unsigned int)
 .text._ZNK5daisy9DaisySeed17AudioCallbackRateEv
                0x0000000008000a5c        0x8 ../../../chleggett/DaisyExamples/libDaisy//build/libdaisy.a(daisy_seed.o)
                0x0000000008000a5c                daisy::DaisySeed::AudioCallbackRate() const
 .text._ZN5daisy9DaisySeed17CheckBoardVersionEv
                0x0000000008000a64       0x6c ../../../chleggett/DaisyExamples/libDaisy//build/libdaisy.a(daisy_seed.o)
                0x0000000008000a64                daisy::DaisySeed::CheckBoardVersion()
 .text._ZN5daisy9DaisySeed14ConfigureAudioEv
                0x0000000008000ad0      0x10c ../../../chleggett/DaisyExamples/libDaisy//build/libdaisy.a(daisy_seed.o)
                0x0000000008000ad0                daisy::DaisySeed::ConfigureAudio()
 .text._ZN5daisy9DaisySeed4InitEb
                0x0000000008000bdc      0x108 ../../../chleggett/DaisyExamples/libDaisy//build/libdaisy.a(daisy_seed.o)
                0x0000000008000bdc                daisy::DaisySeed::Init(bool)
 .text._ZN5daisy6Ak45564InitE12dsy_gpio_pin
                0x0000000008000ce4       0x44 ../../../chleggett/DaisyExamples/libDaisy//build/libdaisy.a(codec_ak4556.o)
                0x0000000008000ce4                daisy::Ak4556::Init(dsy_gpio_pin)
 .text._ZN5daisy6Wm873120WriteControlRegisterEht
                0x0000000008000d28       0x3c ../../../chleggett/DaisyExamples/libDaisy//build/libdaisy.a(codec_wm8731.o)
                0x0000000008000d28                daisy::Wm8731::WriteControlRegister(unsigned char, unsigned short)
 .text._ZN5daisy6Wm87314InitERKNS0_6ConfigENS_9I2CHandleE
                0x0000000008000d64      0x1bc ../../../chleggett/DaisyExamples/libDaisy//build/libdaisy.a(codec_wm8731.o)
                0x0000000008000d64                daisy::Wm8731::Init(daisy::Wm8731::Config const&, daisy::I2CHandle)
 .text._ZN11SdramHandle10DeviceInitEv
                0x0000000008000f20       0x98 ../../../chleggett/DaisyExamples/libDaisy//build/libdaisy.a(sdram.o)
                0x0000000008000f20                SdramHandle::DeviceInit()
 .text._ZN11SdramHandle4InitEv
                0x0000000008000fb8       0x7c ../../../chleggett/DaisyExamples/libDaisy//build/libdaisy.a(sdram.o)
                0x0000000008000fb8                SdramHandle::Init()
 .text.HAL_SDRAM_MspInit
                0x0000000008001034      0x1a8 ../../../chleggett/DaisyExamples/libDaisy//build/libdaisy.a(sdram.o)
                0x0000000008001034                HAL_SDRAM_MspInit
 .text._ZN5daisy11AudioHandle4Impl16InternalCallbackEPlS2_j
                0x00000000080011dc      0xbbc ../../../chleggett/DaisyExamples/libDaisy//build/libdaisy.a(audio.o)
                0x00000000080011dc                daisy::AudioHandle::Impl::InternalCallback(long*, long*, unsigned int)
 .text._ZN5daisy11AudioHandle4InitERKNS0_6ConfigENS_9SaiHandleE
                0x0000000008001d98       0x70 ../../../chleggett/DaisyExamples/libDaisy//build/libdaisy.a(audio.o)
                0x0000000008001d98                daisy::AudioHandle::Init(daisy::AudioHandle::Config const&, daisy::SaiHandle)
 .text._ZNK5daisy11AudioHandle9GetConfigEv
                0x0000000008001e08        0x8 ../../../chleggett/DaisyExamples/libDaisy//build/libdaisy.a(audio.o)
                0x0000000008001e08                daisy::AudioHandle::GetConfig() const
 .text._ZN5daisy11AudioHandle12SetBlockSizeEj
                0x0000000008001e10       0x1c ../../../chleggett/DaisyExamples/libDaisy//build/libdaisy.a(audio.o)
                0x0000000008001e10                daisy::AudioHandle::SetBlockSize(unsigned int)
 .text._ZN5daisy11AudioHandle13GetSampleRateEv
                0x0000000008001e2c        0x8 ../../../chleggett/DaisyExamples/libDaisy//build/libdaisy.a(audio.o)
                0x0000000008001e2c                daisy::AudioHandle::GetSampleRate()
 .text._ZN5daisy11AudioHandle13SetSampleRateENS_9SaiHandle6Config10SampleRateE
                0x0000000008001e34       0x88 ../../../chleggett/DaisyExamples/libDaisy//build/libdaisy.a(audio.o)
                0x0000000008001e34                daisy::AudioHandle::SetSampleRate(daisy::SaiHandle::Config::SampleRate)
 .text._ZN5daisy11AudioHandle5StartEPFvPKPKfPPfjE
                0x0000000008001ebc       0x44 ../../../chleggett/DaisyExamples/libDaisy//build/libdaisy.a(audio.o)
                0x0000000008001ebc                daisy::AudioHandle::Start(void (*)(float const* const*, float**, unsigned int))
 .text.startup._GLOBAL__sub_I__ZN5daisy11AudioHandle4Impl4InitENS0_6ConfigENS_9SaiHandleE
                0x0000000008001f00       0x24 ../../../chleggett/DaisyExamples/libDaisy//build/libdaisy.a(audio.o)
 .text._ZN5daisy13AnalogControl4InitEPtfbbf
                0x0000000008001f24       0x64 ../../../chleggett/DaisyExamples/libDaisy//build/libdaisy.a(ctrl.o)
                0x0000000008001f24                daisy::AnalogControl::Init(unsigned short*, float, bool, bool, float)
 .text._ZN5daisy13AnalogControl7ProcessEv
                0x0000000008001f88       0x48 ../../../chleggett/DaisyExamples/libDaisy//build/libdaisy.a(ctrl.o)
                0x0000000008001f88                daisy::AnalogControl::Process()
 .text._ZN5daisy13AnalogControl13SetSampleRateEf
                0x0000000008001fd0       0x58 ../../../chleggett/DaisyExamples/libDaisy//build/libdaisy.a(ctrl.o)
                0x0000000008001fd0                daisy::AnalogControl::SetSampleRate(float)
 .text._ZN5daisy7Encoder4InitE12dsy_gpio_pinS1_S1_f
                0x0000000008002028       0x60 ../../../chleggett/DaisyExamples/libDaisy//build/libdaisy.a(encoder.o)
                0x0000000008002028                daisy::Encoder::Init(dsy_gpio_pin, dsy_gpio_pin, dsy_gpio_pin, float)
 .text._ZN5daisy7Encoder8DebounceEv
                0x0000000008002088       0x7c ../../../chleggett/DaisyExamples/libDaisy//build/libdaisy.a(encoder.o)
                0x0000000008002088                daisy::Encoder::Debounce()
 .text._ZN5daisy17MidiUartTransport6ConfigC2Ev
                0x0000000008002104       0x28 ../../../chleggett/DaisyExamples/libDaisy//build/libdaisy.a(midi.o)
                0x0000000008002104                daisy::MidiUartTransport::Config::Config()
                0x0000000008002104                daisy::MidiUartTransport::Config::Config()
 .text._ZN5daisy10MidiParser5ResetEv
                0x000000000800212c        0xc ../../../chleggett/DaisyExamples/libDaisy//build/libdaisy.a(midi_parser.o)
                0x000000000800212c                daisy::MidiParser::Reset()
 .text._ZN5daisy6RgbLed4InitE12dsy_gpio_pinS1_S1_b
                0x0000000008002138       0x50 ../../../chleggett/DaisyExamples/libDaisy//build/libdaisy.a(rgb_led.o)
                0x0000000008002138                daisy::RgbLed::Init(dsy_gpio_pin, dsy_gpio_pin, dsy_gpio_pin, bool)
 .text._ZN5daisy6RgbLed8SetColorENS_5ColorE
                0x0000000008002188       0x2c ../../../chleggett/DaisyExamples/libDaisy//build/libdaisy.a(rgb_led.o)
                0x0000000008002188                daisy::RgbLed::SetColor(daisy::Color)
 .text._ZN5daisy6RgbLed6UpdateEv
                0x00000000080021b4       0x1c ../../../chleggett/DaisyExamples/libDaisy//build/libdaisy.a(rgb_led.o)
                0x00000000080021b4                daisy::RgbLed::Update()
 .text._ZN5daisy6Switch4InitE12dsy_gpio_pinf
                0x00000000080021d0       0x34 ../../../chleggett/DaisyExamples/libDaisy//build/libdaisy.a(switch.o)
                0x00000000080021d0                daisy::Switch::Init(dsy_gpio_pin, float)
 .text._ZN5daisy6Switch8DebounceEv
                0x0000000008002204       0x5c ../../../chleggett/DaisyExamples/libDaisy//build/libdaisy.a(switch.o)
                0x0000000008002204                daisy::Switch::Debounce()
 .text._ZN5daisy16AdcChannelConfig10InitSingleE12dsy_gpio_pinNS0_15ConversionSpeedE
                0x0000000008002260       0x28 ../../../chleggett/DaisyExamples/libDaisy//build/libdaisy.a(adc.o)
                0x0000000008002260                daisy::AdcChannelConfig::InitSingle(dsy_gpio_pin, daisy::AdcChannelConfig::ConversionSpeed)
 .text._ZN5daisy9AdcHandle4InitEPNS_16AdcChannelConfigEjNS0_12OverSamplingE
                0x0000000008002288      0x41c ../../../chleggett/DaisyExamples/libDaisy//build/libdaisy.a(adc.o)
                0x0000000008002288                daisy::AdcHandle::Init(daisy::AdcChannelConfig*, unsigned int, daisy::AdcHandle::OverSampling)
 .text._ZN5daisy9AdcHandle5StartEv
                0x00000000080026a4       0x2c ../../../chleggett/DaisyExamples/libDaisy//build/libdaisy.a(adc.o)
                0x00000000080026a4                daisy::AdcHandle::Start()
 .text._ZNK5daisy9AdcHandle6GetPtrEh
                0x00000000080026d0       0x14 ../../../chleggett/DaisyExamples/libDaisy//build/libdaisy.a(adc.o)
                0x00000000080026d0                daisy::AdcHandle::GetPtr(unsigned char) const
 .text.HAL_ADC_MspInit
                0x00000000080026e4       0x98 ../../../chleggett/DaisyExamples/libDaisy//build/libdaisy.a(adc.o)
                0x00000000080026e4                HAL_ADC_MspInit
 .text.DMA1_Stream2_IRQHandler
                0x000000000800277c        0xc ../../../chleggett/DaisyExamples/libDaisy//build/libdaisy.a(adc.o)
                0x000000000800277c                DMA1_Stream2_IRQHandler
 .text.HAL_ADC_ConvCpltCallback
                0x0000000008002788      0x148 ../../../chleggett/DaisyExamples/libDaisy//build/libdaisy.a(adc.o)
                0x0000000008002788                HAL_ADC_ConvCpltCallback
 .text.HAL_ADC_ErrorCallback
                0x00000000080028d0        0x4 ../../../chleggett/DaisyExamples/libDaisy//build/libdaisy.a(adc.o)
                0x00000000080028d0                HAL_ADC_ErrorCallback
 .text._ZN5daisy4GPIO4InitENS_3PinENS0_4ModeENS0_4PullENS0_5SpeedE
                0x00000000080028d4      0x1cc ../../../chleggett/DaisyExamples/libDaisy//build/libdaisy.a(gpio.o)
                0x00000000080028d4                daisy::GPIO::Init(daisy::Pin, daisy::GPIO::Mode, daisy::GPIO::Pull, daisy::GPIO::Speed)
 .text._ZN5daisy4GPIO4ReadEv
                0x0000000008002aa0       0x18 ../../../chleggett/DaisyExamples/libDaisy//build/libdaisy.a(gpio.o)
                0x0000000008002aa0                daisy::GPIO::Read()
 .text._ZN5daisy4GPIO5WriteEb
                0x0000000008002ab8       0x14 ../../../chleggett/DaisyExamples/libDaisy//build/libdaisy.a(gpio.o)
                0x0000000008002ab8                daisy::GPIO::Write(bool)
 .text.dsy_gpio_init
                0x0000000008002acc      0x1b8 ../../../chleggett/DaisyExamples/libDaisy//build/libdaisy.a(gpio.o)
                0x0000000008002acc                dsy_gpio_init
 .text.dsy_gpio_read
                0x0000000008002c84       0x1c ../../../chleggett/DaisyExamples/libDaisy//build/libdaisy.a(gpio.o)
                0x0000000008002c84                dsy_gpio_read
 .text.dsy_gpio_write
                0x0000000008002ca0       0x24 ../../../chleggett/DaisyExamples/libDaisy//build/libdaisy.a(gpio.o)
                0x0000000008002ca0                dsy_gpio_write
 .text._ZN5daisy9I2CHandle4Impl8InitPinsEv
                0x0000000008002cc4       0x58 ../../../chleggett/DaisyExamples/libDaisy//build/libdaisy.a(i2c.o)
                0x0000000008002cc4                daisy::I2CHandle::Impl::InitPins()
 .text.HAL_I2C_MspInit
                0x0000000008002d1c      0x1b4 ../../../chleggett/DaisyExamples/libDaisy//build/libdaisy.a(i2c.o)
                0x0000000008002d1c                HAL_I2C_MspInit
 .text.dsy_i2c_global_init
                0x0000000008002ed0       0x78 ../../../chleggett/DaisyExamples/libDaisy//build/libdaisy.a(i2c.o)
                0x0000000008002ed0                dsy_i2c_global_init
 .text.DMA1_Stream6_IRQHandler
                0x0000000008002f48       0x34 ../../../chleggett/DaisyExamples/libDaisy//build/libdaisy.a(i2c.o)
                0x0000000008002f48                DMA1_Stream6_IRQHandler
 .text.I2C1_EV_IRQHandler
                0x0000000008002f7c        0xc ../../../chleggett/DaisyExamples/libDaisy//build/libdaisy.a(i2c.o)
                0x0000000008002f7c                I2C1_EV_IRQHandler
 .text.I2C2_EV_IRQHandler
                0x0000000008002f88        0xc ../../../chleggett/DaisyExamples/libDaisy//build/libdaisy.a(i2c.o)
                0x0000000008002f88                I2C2_EV_IRQHandler
 .text.I2C3_EV_IRQHandler
                0x0000000008002f94        0xc ../../../chleggett/DaisyExamples/libDaisy//build/libdaisy.a(i2c.o)
                0x0000000008002f94                I2C3_EV_IRQHandler
 .text._ZN5daisy9I2CHandle4InitERKNS0_6ConfigE
                0x0000000008002fa0      0x12c ../../../chleggett/DaisyExamples/libDaisy//build/libdaisy.a(i2c.o)
                0x0000000008002fa0                daisy::I2CHandle::Init(daisy::I2CHandle::Config const&)
 .text._ZN5daisy9I2CHandle16TransmitBlockingEtPhtm
                0x00000000080030cc       0x50 ../../../chleggett/DaisyExamples/libDaisy//build/libdaisy.a(i2c.o)
                0x00000000080030cc                daisy::I2CHandle::TransmitBlocking(unsigned short, unsigned char*, unsigned short, unsigned long)
 .text.startup._GLOBAL__sub_I__ZN5daisy9I2CHandle4Impl10GlobalInitEv
                0x000000000800311c       0x18 ../../../chleggett/DaisyExamples/libDaisy//build/libdaisy.a(i2c.o)
 .text._ZN5daisy10QSPIHandle4Impl11WriteEnableEv
                0x0000000008003134       0x8c ../../../chleggett/DaisyExamples/libDaisy//build/libdaisy.a(qspi.o)
                0x0000000008003134                daisy::QSPIHandle::Impl::WriteEnable()
 .text._ZN5daisy10QSPIHandle4Impl17DummyCyclesConfigENS0_6Config6DeviceE
                0x00000000080031c0      0x118 ../../../chleggett/DaisyExamples/libDaisy//build/libdaisy.a(qspi.o)
                0x00000000080031c0                daisy::QSPIHandle::Impl::DummyCyclesConfig(daisy::QSPIHandle::Config::Device)
 .text._ZN5daisy10QSPIHandle4Impl10QuadEnableEv
                0x00000000080032d8      0x158 ../../../chleggett/DaisyExamples/libDaisy//build/libdaisy.a(qspi.o)
                0x00000000080032d8                daisy::QSPIHandle::Impl::QuadEnable()
 .text._ZN5daisy10QSPIHandle4InitERKNS0_6ConfigE
                0x0000000008003430      0x198 ../../../chleggett/DaisyExamples/libDaisy//build/libdaisy.a(qspi.o)
                0x0000000008003430                daisy::QSPIHandle::Init(daisy::QSPIHandle::Config const&)
 .text.HAL_QSPI_MspInit
                0x00000000080035c8      0x11c ../../../chleggett/DaisyExamples/libDaisy//build/libdaisy.a(qspi.o)
                0x00000000080035c8                HAL_QSPI_MspInit
 .text.HAL_QSPI_MspDeInit
                0x00000000080036e4       0x54 ../../../chleggett/DaisyExamples/libDaisy//build/libdaisy.a(qspi.o)
                0x00000000080036e4                HAL_QSPI_MspDeInit
 .text.QUADSPI_IRQHandler
                0x0000000008003738        0xc ../../../chleggett/DaisyExamples/libDaisy//build/libdaisy.a(qspi.o)
                0x0000000008003738                QUADSPI_IRQHandler
 .text.startup._GLOBAL__sub_I__ZN5daisy10QSPIHandle4Impl4InitERKNS0_6ConfigE
                0x0000000008003744       0x28 ../../../chleggett/DaisyExamples/libDaisy//build/libdaisy.a(qspi.o)
 .text._ZN5daisy9SaiHandle4Impl7InitDmaENS1_15PeripheralBlockE
                0x000000000800376c       0xa0 ../../../chleggett/DaisyExamples/libDaisy//build/libdaisy.a(sai.o)
                0x000000000800376c                daisy::SaiHandle::Impl::InitDma(daisy::SaiHandle::Impl::PeripheralBlock)
 .text._ZN5daisy9SaiHandle4Impl8InitPinsEv
                0x000000000800380c       0xa8 ../../../chleggett/DaisyExamples/libDaisy//build/libdaisy.a(sai.o)
                0x000000000800380c                daisy::SaiHandle::Impl::InitPins()
 .text.HAL_SAI_MspInit
                0x00000000080038b4      0x164 ../../../chleggett/DaisyExamples/libDaisy//build/libdaisy.a(sai.o)
                0x00000000080038b4                HAL_SAI_MspInit
 .text.DMA1_Stream0_IRQHandler
                0x0000000008003a18        0xc ../../../chleggett/DaisyExamples/libDaisy//build/libdaisy.a(sai.o)
                0x0000000008003a18                DMA1_Stream0_IRQHandler
 .text.DMA1_Stream1_IRQHandler
                0x0000000008003a24        0xc ../../../chleggett/DaisyExamples/libDaisy//build/libdaisy.a(sai.o)
                0x0000000008003a24                DMA1_Stream1_IRQHandler
 .text.DMA1_Stream3_IRQHandler
                0x0000000008003a30        0xc ../../../chleggett/DaisyExamples/libDaisy//build/libdaisy.a(sai.o)
                0x0000000008003a30                DMA1_Stream3_IRQHandler
 .text.DMA1_Stream4_IRQHandler
                0x0000000008003a3c        0xc ../../../chleggett/DaisyExamples/libDaisy//build/libdaisy.a(sai.o)
                0x0000000008003a3c                DMA1_Stream4_IRQHandler
 .text.HAL_SAI_RxHalfCpltCallback
                0x0000000008003a48       0x78 ../../../chleggett/DaisyExamples/libDaisy//build/libdaisy.a(sai.o)
                0x0000000008003a48                HAL_SAI_RxHalfCpltCallback
 .text.HAL_SAI_RxCpltCallback
                0x0000000008003ac0       0x70 ../../../chleggett/DaisyExamples/libDaisy//build/libdaisy.a(sai.o)
                0x0000000008003ac0                HAL_SAI_RxCpltCallback
 .text._ZN5daisy9SaiHandle4InitERKNS0_6ConfigE
                0x0000000008003b30      0x1f0 ../../../chleggett/DaisyExamples/libDaisy//build/libdaisy.a(sai.o)
                0x0000000008003b30                daisy::SaiHandle::Init(daisy::SaiHandle::Config const&)
 .text._ZNK5daisy9SaiHandle9GetConfigEv
                0x0000000008003d20        0x4 ../../../chleggett/DaisyExamples/libDaisy//build/libdaisy.a(sai.o)
                0x0000000008003d20                daisy::SaiHandle::GetConfig() const
 .text._ZN5daisy9SaiHandle8StartDmaEPlS1_jPFvS1_S1_jE
                0x0000000008003d24       0xbc ../../../chleggett/DaisyExamples/libDaisy//build/libdaisy.a(sai.o)
                0x0000000008003d24                daisy::SaiHandle::StartDma(long*, long*, unsigned int, void (*)(long*, long*, unsigned int))
 .text._ZN5daisy9SaiHandle13GetSampleRateEv
                0x0000000008003de0       0x24 ../../../chleggett/DaisyExamples/libDaisy//build/libdaisy.a(sai.o)
                0x0000000008003de0                daisy::SaiHandle::GetSampleRate()
 .text._ZNK5daisy9SaiHandle9GetOffsetEv
                0x0000000008003e04        0x8 ../../../chleggett/DaisyExamples/libDaisy//build/libdaisy.a(sai.o)
                0x0000000008003e04                daisy::SaiHandle::GetOffset() const
 .text._ZL20UART_CheckRxListenerPN5daisy11UartHandler4ImplE
                0x0000000008003e0c       0x84 ../../../chleggett/DaisyExamples/libDaisy//build/libdaisy.a(uart.o)
 .text._ZN5daisy11UartHandler4Impl10StartDmaTxEPhjPFvPvEPFvS3_NS0_6ResultEES3_
                0x0000000008003e90      0x184 ../../../chleggett/DaisyExamples/libDaisy//build/libdaisy.a(uart.o)
                0x0000000008003e90                daisy::UartHandler::Impl::StartDmaTx(unsigned char*, unsigned int, void (*)(void*), void (*)(void*, daisy::UartHandler::Result), void*)
 .text._ZN5daisy11UartHandler4Impl10StartDmaRxEPhjPFvPvEPFvS3_NS0_6ResultEES3_
                0x0000000008004014      0x184 ../../../chleggett/DaisyExamples/libDaisy//build/libdaisy.a(uart.o)
                0x0000000008004014                daisy::UartHandler::Impl::StartDmaRx(unsigned char*, unsigned int, void (*)(void*), void (*)(void*, daisy::UartHandler::Result), void*)
 .text._ZN5daisy11UartHandler4Impl19DmaTransferFinishedEP20__UART_HandleTypeDefNS0_6ResultE
                0x0000000008004198       0xc0 ../../../chleggett/DaisyExamples/libDaisy//build/libdaisy.a(uart.o)
                0x0000000008004198                daisy::UartHandler::Impl::DmaTransferFinished(__UART_HandleTypeDef*, daisy::UartHandler::Result)
 .text._ZN5daisy11UartHandler4Impl8InitPinsEv
                0x0000000008004258      0x154 ../../../chleggett/DaisyExamples/libDaisy//build/libdaisy.a(uart.o)
                0x0000000008004258                daisy::UartHandler::Impl::InitPins()
 .text.HAL_UART_MspInit
                0x00000000080043ac      0x210 ../../../chleggett/DaisyExamples/libDaisy//build/libdaisy.a(uart.o)
                0x00000000080043ac                HAL_UART_MspInit
 .text.dsy_uart_global_init
                0x00000000080045bc       0xfc ../../../chleggett/DaisyExamples/libDaisy//build/libdaisy.a(uart.o)
                0x00000000080045bc                dsy_uart_global_init
 .text.USART1_IRQHandler
                0x00000000080046b8       0x2c ../../../chleggett/DaisyExamples/libDaisy//build/libdaisy.a(uart.o)
                0x00000000080046b8                USART1_IRQHandler
 .text.USART2_IRQHandler
                0x00000000080046e4       0x34 ../../../chleggett/DaisyExamples/libDaisy//build/libdaisy.a(uart.o)
                0x00000000080046e4                USART2_IRQHandler
 .text.USART3_IRQHandler
                0x0000000008004718       0x34 ../../../chleggett/DaisyExamples/libDaisy//build/libdaisy.a(uart.o)
                0x0000000008004718                USART3_IRQHandler
 .text.UART4_IRQHandler
                0x000000000800474c       0x34 ../../../chleggett/DaisyExamples/libDaisy//build/libdaisy.a(uart.o)
                0x000000000800474c                UART4_IRQHandler
 .text.UART5_IRQHandler
                0x0000000008004780       0x34 ../../../chleggett/DaisyExamples/libDaisy//build/libdaisy.a(uart.o)
                0x0000000008004780                UART5_IRQHandler
 .text.USART6_IRQHandler
                0x00000000080047b4       0x34 ../../../chleggett/DaisyExamples/libDaisy//build/libdaisy.a(uart.o)
                0x00000000080047b4                USART6_IRQHandler
 .text.UART7_IRQHandler
                0x00000000080047e8       0x34 ../../../chleggett/DaisyExamples/libDaisy//build/libdaisy.a(uart.o)
                0x00000000080047e8                UART7_IRQHandler
 .text.UART8_IRQHandler
                0x000000000800481c       0x34 ../../../chleggett/DaisyExamples/libDaisy//build/libdaisy.a(uart.o)
                0x000000000800481c                UART8_IRQHandler
 .text.LPUART1_IRQHandler
                0x0000000008004850       0x34 ../../../chleggett/DaisyExamples/libDaisy//build/libdaisy.a(uart.o)
                0x0000000008004850                LPUART1_IRQHandler
 .text.DMA1_Stream5_IRQHandler
                0x0000000008004884       0x34 ../../../chleggett/DaisyExamples/libDaisy//build/libdaisy.a(uart.o)
                0x0000000008004884                DMA1_Stream5_IRQHandler
 .text.DMA2_Stream4_IRQHandler
                0x00000000080048b8       0x38 ../../../chleggett/DaisyExamples/libDaisy//build/libdaisy.a(uart.o)
                0x00000000080048b8                DMA2_Stream4_IRQHandler
 .text.HAL_UART_TxCpltCallback
                0x00000000080048f0        0x8 ../../../chleggett/DaisyExamples/libDaisy//build/libdaisy.a(uart.o)
                0x00000000080048f0                HAL_UART_TxCpltCallback
 .text.HAL_UART_RxCpltCallback
                0x00000000080048f8       0x94 ../../../chleggett/DaisyExamples/libDaisy//build/libdaisy.a(uart.o)
                0x00000000080048f8                HAL_UART_RxCpltCallback
 .text.HAL_UART_RxHalfCpltCallback
                0x000000000800498c       0x90 ../../../chleggett/DaisyExamples/libDaisy//build/libdaisy.a(uart.o)
                0x000000000800498c                HAL_UART_RxHalfCpltCallback
 .text.HAL_UART_ErrorCallback
                0x0000000008004a1c        0x8 ../../../chleggett/DaisyExamples/libDaisy//build/libdaisy.a(uart.o)
                0x0000000008004a1c                HAL_UART_ErrorCallback
 .text._ZN5daisy11UartHandler4InitERKNS0_6ConfigE
                0x0000000008004a24       0xd4 ../../../chleggett/DaisyExamples/libDaisy//build/libdaisy.a(uart.o)
                0x0000000008004a24                daisy::UartHandler::Init(daisy::UartHandler::Config const&)
 .text.startup._GLOBAL__sub_I__Z19MapInstanceToHandleP13USART_TypeDef
                0x0000000008004af8      0x194 ../../../chleggett/DaisyExamples/libDaisy//build/libdaisy.a(uart.o)
 .text.dsy_dma_init
                0x0000000008004c8c      0x100 ../../../chleggett/DaisyExamples/libDaisy//build/libdaisy.a(dma.o)
                0x0000000008004c8c                dsy_dma_init
 .text.dsy_dma_invalidate_cache_for_buffer
                0x0000000008004d8c       0x2c ../../../chleggett/DaisyExamples/libDaisy//build/libdaisy.a(dma.o)
                0x0000000008004d8c                dsy_dma_invalidate_cache_for_buffer
 .text._ZN5daisy11TimerHandleD2Ev
                0x0000000008004db8        0x4 ../../../chleggett/DaisyExamples/libDaisy//build/libdaisy.a(system.o)
                0x0000000008004db8                daisy::TimerHandle::~TimerHandle()
                0x0000000008004db8                daisy::TimerHandle::~TimerHandle()
 .text.SysTick_Handler
                0x0000000008004dbc       0x10 ../../../chleggett/DaisyExamples/libDaisy//build/libdaisy.a(system.o)
                0x0000000008004dbc                SysTick_Handler
 .text.OTG_HS_EP1_OUT_IRQHandler
                0x0000000008004dcc       0x24 ../../../chleggett/DaisyExamples/libDaisy//build/libdaisy.a(system.o)
                0x0000000008004dcc                OTG_HS_EP1_OUT_IRQHandler
 .text.OTG_HS_EP1_IN_IRQHandler
                0x0000000008004df0       0x24 ../../../chleggett/DaisyExamples/libDaisy//build/libdaisy.a(system.o)
                0x0000000008004df0                OTG_HS_EP1_IN_IRQHandler
 .text.OTG_HS_IRQHandler
                0x0000000008004e14       0x24 ../../../chleggett/DaisyExamples/libDaisy//build/libdaisy.a(system.o)
                0x0000000008004e14                OTG_HS_IRQHandler
 .text.HardFault_Handler
                0x0000000008004e38       0xe0 ../../../chleggett/DaisyExamples/libDaisy//build/libdaisy.a(system.o)
                0x0000000008004e38                HardFault_Handler
 .text._ZN5daisy6System6GetNowEv
                0x0000000008004f18        0x4 ../../../chleggett/DaisyExamples/libDaisy//build/libdaisy.a(system.o)
                0x0000000008004f18                daisy::System::GetNow()
 .text._ZN5daisy6System5DelayEm
                0x0000000008004f1c        0x4 ../../../chleggett/DaisyExamples/libDaisy//build/libdaisy.a(system.o)
                0x0000000008004f1c                daisy::System::Delay(unsigned long)
 .text._ZN5daisy6System20GetBootloaderVersionEv
                0x0000000008004f20       0x34 ../../../chleggett/DaisyExamples/libDaisy//build/libdaisy.a(system.o)
                0x0000000008004f20                daisy::System::GetBootloaderVersion()
 .text._ZN5daisy6System15ConfigureClocksEv
                0x0000000008004f54      0x194 ../../../chleggett/DaisyExamples/libDaisy//build/libdaisy.a(system.o)
                0x0000000008004f54                daisy::System::ConfigureClocks()
 .text._ZN5daisy6System12ConfigureMpuEv
                0x00000000080050e8       0x7c ../../../chleggett/DaisyExamples/libDaisy//build/libdaisy.a(system.o)
                0x00000000080050e8                daisy::System::ConfigureMpu()
 .text._ZN5daisy6System4InitERKNS0_6ConfigE
                0x0000000008005164       0xec ../../../chleggett/DaisyExamples/libDaisy//build/libdaisy.a(system.o)
                0x0000000008005164                daisy::System::Init(daisy::System::Config const&)
 .text._ZN5daisy6System12GetPClk1FreqEv
                0x0000000008005250        0x4 ../../../chleggett/DaisyExamples/libDaisy//build/libdaisy.a(system.o)
                0x0000000008005250                daisy::System::GetPClk1Freq()
 .text._ZN5daisy6System22GetProgramMemoryRegionEv
                0x0000000008005254       0x78 ../../../chleggett/DaisyExamples/libDaisy//build/libdaisy.a(system.o)
                0x0000000008005254                daisy::System::GetProgramMemoryRegion()
 .text.startup._GLOBAL__sub_I__ZN5daisy9boot_infoE
                0x00000000080052cc       0x1c ../../../chleggett/DaisyExamples/libDaisy//build/libdaisy.a(system.o)
 .text.SystemInit
                0x00000000080052e8       0x9c ../../../chleggett/DaisyExamples/libDaisy//build/libdaisy.a(system_stm32h7xx.o)
                0x00000000080052e8                SystemInit
 .text.HAL_PCD_SetupStageCallback
                0x0000000008005384        0xc ../../../chleggett/DaisyExamples/libDaisy//build/libdaisy.a(usbd_conf.o)
                0x0000000008005384                HAL_PCD_SetupStageCallback
 .text.HAL_PCD_DataOutStageCallback
                0x0000000008005390       0x14 ../../../chleggett/DaisyExamples/libDaisy//build/libdaisy.a(usbd_conf.o)
                0x0000000008005390                HAL_PCD_DataOutStageCallback
 .text.HAL_PCD_DataInStageCallback
                0x00000000080053a4       0x14 ../../../chleggett/DaisyExamples/libDaisy//build/libdaisy.a(usbd_conf.o)
                0x00000000080053a4                HAL_PCD_DataInStageCallback
 .text.HAL_PCD_SOFCallback
                0x00000000080053b8        0x8 ../../../chleggett/DaisyExamples/libDaisy//build/libdaisy.a(usbd_conf.o)
                0x00000000080053b8                HAL_PCD_SOFCallback
 .text.HAL_PCD_ResetCallback
                0x00000000080053c0       0x24 ../../../chleggett/DaisyExamples/libDaisy//build/libdaisy.a(usbd_conf.o)
                0x00000000080053c0                HAL_PCD_ResetCallback
 .text.HAL_PCD_SuspendCallback
                0x00000000080053e4       0x30 ../../../chleggett/DaisyExamples/libDaisy//build/libdaisy.a(usbd_conf.o)
                0x00000000080053e4                HAL_PCD_SuspendCallback
 .text.HAL_PCD_ResumeCallback
                0x0000000008005414        0x8 ../../../chleggett/DaisyExamples/libDaisy//build/libdaisy.a(usbd_conf.o)
                0x0000000008005414                HAL_PCD_ResumeCallback
 .text.HAL_PCD_ISOOUTIncompleteCallback
                0x000000000800541c        0x8 ../../../chleggett/DaisyExamples/libDaisy//build/libdaisy.a(usbd_conf.o)
                0x000000000800541c                HAL_PCD_ISOOUTIncompleteCallback
 .text.HAL_PCD_ISOINIncompleteCallback
                0x0000000008005424        0x8 ../../../chleggett/DaisyExamples/libDaisy//build/libdaisy.a(usbd_conf.o)
                0x0000000008005424                HAL_PCD_ISOINIncompleteCallback
 .text.HAL_PCD_ConnectCallback
                0x000000000800542c        0x8 ../../../chleggett/DaisyExamples/libDaisy//build/libdaisy.a(usbd_conf.o)
                0x000000000800542c                HAL_PCD_ConnectCallback
 .text.HAL_PCD_DisconnectCallback
                0x0000000008005434        0x8 ../../../chleggett/DaisyExamples/libDaisy//build/libdaisy.a(usbd_conf.o)
                0x0000000008005434                HAL_PCD_DisconnectCallback
 .text.USBD_LL_OpenEP
                0x000000000800543c       0x24 ../../../chleggett/DaisyExamples/libDaisy//build/libdaisy.a(usbd_conf.o)
                0x000000000800543c                USBD_LL_OpenEP
 .text.USBD_LL_StallEP
                0x0000000008005460       0x1c ../../../chleggett/DaisyExamples/libDaisy//build/libdaisy.a(usbd_conf.o)
                0x0000000008005460                USBD_LL_StallEP
 .text.USBD_LL_ClearStallEP
                0x000000000800547c       0x1c ../../../chleggett/DaisyExamples/libDaisy//build/libdaisy.a(usbd_conf.o)
                0x000000000800547c                USBD_LL_ClearStallEP
 .text.USBD_LL_IsStallEP
                0x0000000008005498       0x28 ../../../chleggett/DaisyExamples/libDaisy//build/libdaisy.a(usbd_conf.o)
                0x0000000008005498                USBD_LL_IsStallEP
 .text.USBD_LL_SetUSBAddress
                0x00000000080054c0       0x1c ../../../chleggett/DaisyExamples/libDaisy//build/libdaisy.a(usbd_conf.o)
                0x00000000080054c0                USBD_LL_SetUSBAddress
 .text.USBD_LL_Transmit
                0x00000000080054dc       0x1c ../../../chleggett/DaisyExamples/libDaisy//build/libdaisy.a(usbd_conf.o)
                0x00000000080054dc                USBD_LL_Transmit
 .text.USBD_LL_PrepareReceive
                0x00000000080054f8       0x1c ../../../chleggett/DaisyExamples/libDaisy//build/libdaisy.a(usbd_conf.o)
                0x00000000080054f8                USBD_LL_PrepareReceive
 .text.HAL_HCD_SOF_Callback
                0x0000000008005514        0x8 ../../../chleggett/DaisyExamples/libDaisy//build/libdaisy.a(usbh_conf.o)
                0x0000000008005514                HAL_HCD_SOF_Callback
 .text.HAL_HCD_Connect_Callback
                0x000000000800551c        0x8 ../../../chleggett/DaisyExamples/libDaisy//build/libdaisy.a(usbh_conf.o)
                0x000000000800551c                HAL_HCD_Connect_Callback
 .text.HAL_HCD_Disconnect_Callback
                0x0000000008005524        0x8 ../../../chleggett/DaisyExamples/libDaisy//build/libdaisy.a(usbh_conf.o)
                0x0000000008005524                HAL_HCD_Disconnect_Callback
 .text.HAL_HCD_HC_NotifyURBChange_Callback
                0x000000000800552c        0x4 ../../../chleggett/DaisyExamples/libDaisy//build/libdaisy.a(usbh_conf.o)
                0x000000000800552c                HAL_HCD_HC_NotifyURBChange_Callback
 .text.HAL_HCD_PortEnabled_Callback
                0x0000000008005530        0x8 ../../../chleggett/DaisyExamples/libDaisy//build/libdaisy.a(usbh_conf.o)
                0x0000000008005530                HAL_HCD_PortEnabled_Callback
 .text.HAL_HCD_PortDisabled_Callback
                0x0000000008005538        0x8 ../../../chleggett/DaisyExamples/libDaisy//build/libdaisy.a(usbh_conf.o)
                0x0000000008005538                HAL_HCD_PortDisabled_Callback
 .text.USBH_LL_Stop
                0x0000000008005540       0x1c ../../../chleggett/DaisyExamples/libDaisy//build/libdaisy.a(usbh_conf.o)
                0x0000000008005540                USBH_LL_Stop
 .text._ZN5daisy5Color4InitENS0_11PresetColorE
                0x000000000800555c       0x20 ../../../chleggett/DaisyExamples/libDaisy//build/libdaisy.a(color.o)
                0x000000000800555c                daisy::Color::Init(daisy::Color::PresetColor)
 .text.dsy_hal_map_get_port
                0x000000000800557c       0x10 ../../../chleggett/DaisyExamples/libDaisy//build/libdaisy.a(hal_map.o)
                0x000000000800557c                dsy_hal_map_get_port
 .text.dsy_hal_map_get_pin
                0x000000000800558c       0x10 ../../../chleggett/DaisyExamples/libDaisy//build/libdaisy.a(hal_map.o)
                0x000000000800558c                dsy_hal_map_get_pin
 .text.dsy_hal_map_gpio_clk_enable
                0x000000000800559c      0x150 ../../../chleggett/DaisyExamples/libDaisy//build/libdaisy.a(hal_map.o)
                0x000000000800559c                dsy_hal_map_gpio_clk_enable
 .text.HAL_MspInit
                0x00000000080056ec        0x4 ../../../chleggett/DaisyExamples/libDaisy//build/libdaisy.a(stm32h7xx_hal.o)
                0x00000000080056ec                HAL_MspInit
 .text.HAL_InitTick
                0x00000000080056f0       0x4c ../../../chleggett/DaisyExamples/libDaisy//build/libdaisy.a(stm32h7xx_hal.o)
                0x00000000080056f0                HAL_InitTick
 .text.HAL_Init
                0x000000000800573c       0x60 ../../../chleggett/DaisyExamples/libDaisy//build/libdaisy.a(stm32h7xx_hal.o)
                0x000000000800573c                HAL_Init
 .text.HAL_IncTick
                0x000000000800579c       0x18 ../../../chleggett/DaisyExamples/libDaisy//build/libdaisy.a(stm32h7xx_hal.o)
                0x000000000800579c                HAL_IncTick
 .text.HAL_GetTick
                0x00000000080057b4        0xc ../../../chleggett/DaisyExamples/libDaisy//build/libdaisy.a(stm32h7xx_hal.o)
                0x00000000080057b4                HAL_GetTick
 .text.HAL_Delay
                0x00000000080057c0       0x24 ../../../chleggett/DaisyExamples/libDaisy//build/libdaisy.a(stm32h7xx_hal.o)
                0x00000000080057c0                HAL_Delay
 .text.HAL_GetREVID
                0x00000000080057e4        0xc ../../../chleggett/DaisyExamples/libDaisy//build/libdaisy.a(stm32h7xx_hal.o)
                0x00000000080057e4                HAL_GetREVID
 .text.HAL_ADC_ConvHalfCpltCallback
                0x00000000080057f0        0x4 ../../../chleggett/DaisyExamples/libDaisy//build/libdaisy.a(stm32h7xx_hal_adc.o)
                0x00000000080057f0                HAL_ADC_ConvHalfCpltCallback
 .text.ADC_DMAHalfConvCplt
                0x00000000080057f4        0xc ../../../chleggett/DaisyExamples/libDaisy//build/libdaisy.a(stm32h7xx_hal_adc.o)
                0x00000000080057f4                ADC_DMAHalfConvCplt
 .text.ADC_DMAConvCplt
                0x0000000008005800       0x6c ../../../chleggett/DaisyExamples/libDaisy//build/libdaisy.a(stm32h7xx_hal_adc.o)
                0x0000000008005800                ADC_DMAConvCplt
 .text.ADC_DMAError
                0x000000000800586c       0x1c ../../../chleggett/DaisyExamples/libDaisy//build/libdaisy.a(stm32h7xx_hal_adc.o)
                0x000000000800586c                ADC_DMAError
 .text.HAL_ADC_ConfigChannel
                0x0000000008005888      0x3fc ../../../chleggett/DaisyExamples/libDaisy//build/libdaisy.a(stm32h7xx_hal_adc.o)
                0x0000000008005888                HAL_ADC_ConfigChannel
 .text.ADC_Enable
                0x0000000008005c84       0xac ../../../chleggett/DaisyExamples/libDaisy//build/libdaisy.a(stm32h7xx_hal_adc.o)
                0x0000000008005c84                ADC_Enable
 .text.HAL_ADC_Start_DMA
                0x0000000008005d30      0x114 ../../../chleggett/DaisyExamples/libDaisy//build/libdaisy.a(stm32h7xx_hal_adc.o)
                0x0000000008005d30                HAL_ADC_Start_DMA
 .text.ADC_Disable
                0x0000000008005e44       0x68 ../../../chleggett/DaisyExamples/libDaisy//build/libdaisy.a(stm32h7xx_hal_adc.o)
                0x0000000008005e44                ADC_Disable
 .text.ADC_ConfigureBoostMode
                0x0000000008005eac      0x184 ../../../chleggett/DaisyExamples/libDaisy//build/libdaisy.a(stm32h7xx_hal_adc.o)
                0x0000000008005eac                ADC_ConfigureBoostMode
 .text.HAL_ADC_Init
                0x0000000008006030      0x218 ../../../chleggett/DaisyExamples/libDaisy//build/libdaisy.a(stm32h7xx_hal_adc.o)
                0x0000000008006030                HAL_ADC_Init
 .text.HAL_ADCEx_Calibration_Start
                0x0000000008006248       0xa4 ../../../chleggett/DaisyExamples/libDaisy//build/libdaisy.a(stm32h7xx_hal_adc_ex.o)
                0x0000000008006248                HAL_ADCEx_Calibration_Start
 .text.HAL_ADCEx_MultiModeConfigChannel
                0x00000000080062ec       0xc4 ../../../chleggett/DaisyExamples/libDaisy//build/libdaisy.a(stm32h7xx_hal_adc_ex.o)
                0x00000000080062ec                HAL_ADCEx_MultiModeConfigChannel
 .text.HAL_NVIC_SetPriorityGrouping
                0x00000000080063b0       0x24 ../../../chleggett/DaisyExamples/libDaisy//build/libdaisy.a(stm32h7xx_hal_cortex.o)
                0x00000000080063b0                HAL_NVIC_SetPriorityGrouping
 .text.HAL_NVIC_SetPriority
                0x00000000080063d4       0x7c ../../../chleggett/DaisyExamples/libDaisy//build/libdaisy.a(stm32h7xx_hal_cortex.o)
                0x00000000080063d4                HAL_NVIC_SetPriority
 .text.HAL_NVIC_EnableIRQ
                0x0000000008006450       0x1c ../../../chleggett/DaisyExamples/libDaisy//build/libdaisy.a(stm32h7xx_hal_cortex.o)
                0x0000000008006450                HAL_NVIC_EnableIRQ
 .text.HAL_NVIC_DisableIRQ
                0x000000000800646c       0x28 ../../../chleggett/DaisyExamples/libDaisy//build/libdaisy.a(stm32h7xx_hal_cortex.o)
                0x000000000800646c                HAL_NVIC_DisableIRQ
 .text.HAL_SYSTICK_Config
                0x0000000008006494       0x2c ../../../chleggett/DaisyExamples/libDaisy//build/libdaisy.a(stm32h7xx_hal_cortex.o)
                0x0000000008006494                HAL_SYSTICK_Config
 .text.HAL_MPU_Disable
                0x00000000080064c0       0x1c ../../../chleggett/DaisyExamples/libDaisy//build/libdaisy.a(stm32h7xx_hal_cortex.o)
                0x00000000080064c0                HAL_MPU_Disable
 .text.HAL_MPU_Enable
                0x00000000080064dc       0x20 ../../../chleggett/DaisyExamples/libDaisy//build/libdaisy.a(stm32h7xx_hal_cortex.o)
                0x00000000080064dc                HAL_MPU_Enable
 .text.HAL_MPU_ConfigRegion
                0x00000000080064fc       0x64 ../../../chleggett/DaisyExamples/libDaisy//build/libdaisy.a(stm32h7xx_hal_cortex.o)
                0x00000000080064fc                HAL_MPU_ConfigRegion
 .text.HAL_SYSTICK_Callback
                0x0000000008006560        0x4 ../../../chleggett/DaisyExamples/libDaisy//build/libdaisy.a(stm32h7xx_hal_cortex.o)
                0x0000000008006560                HAL_SYSTICK_Callback
 .text.HAL_SYSTICK_IRQHandler
                0x0000000008006564        0x8 ../../../chleggett/DaisyExamples/libDaisy//build/libdaisy.a(stm32h7xx_hal_cortex.o)
                0x0000000008006564                HAL_SYSTICK_IRQHandler
 .text.DMA_CalcBaseAndBitshift
                0x000000000800656c       0xf4 ../../../chleggett/DaisyExamples/libDaisy//build/libdaisy.a(stm32h7xx_hal_dma.o)
 .text.DMA_CalcDMAMUXChannelBaseAndMask
                0x0000000008006660       0xd8 ../../../chleggett/DaisyExamples/libDaisy//build/libdaisy.a(stm32h7xx_hal_dma.o)
 .text.HAL_DMA_Init
                0x0000000008006738      0x37c ../../../chleggett/DaisyExamples/libDaisy//build/libdaisy.a(stm32h7xx_hal_dma.o)
                0x0000000008006738                HAL_DMA_Init
 .text.HAL_DMA_Start_IT
                0x0000000008006ab4      0x240 ../../../chleggett/DaisyExamples/libDaisy//build/libdaisy.a(stm32h7xx_hal_dma.o)
                0x0000000008006ab4                HAL_DMA_Start_IT
 .text.HAL_DMA_Abort_IT
                0x0000000008006cf4      0x134 ../../../chleggett/DaisyExamples/libDaisy//build/libdaisy.a(stm32h7xx_hal_dma.o)
                0x0000000008006cf4                HAL_DMA_Abort_IT
 .text.HAL_DMA_IRQHandler
                0x0000000008006e28      0x6a0 ../../../chleggett/DaisyExamples/libDaisy//build/libdaisy.a(stm32h7xx_hal_dma.o)
                0x0000000008006e28                HAL_DMA_IRQHandler
 .text.HAL_DMA_GetError
                0x00000000080074c8        0x4 ../../../chleggett/DaisyExamples/libDaisy//build/libdaisy.a(stm32h7xx_hal_dma.o)
                0x00000000080074c8                HAL_DMA_GetError
 .text.HAL_GPIO_Init
                0x00000000080074cc      0x280 ../../../chleggett/DaisyExamples/libDaisy//build/libdaisy.a(stm32h7xx_hal_gpio.o)
                0x00000000080074cc                HAL_GPIO_Init
 .text.HAL_GPIO_DeInit
                0x000000000800774c      0x190 ../../../chleggett/DaisyExamples/libDaisy//build/libdaisy.a(stm32h7xx_hal_gpio.o)
                0x000000000800774c                HAL_GPIO_DeInit
 .text.HAL_GPIO_ReadPin
                0x00000000080078dc        0xc ../../../chleggett/DaisyExamples/libDaisy//build/libdaisy.a(stm32h7xx_hal_gpio.o)
                0x00000000080078dc                HAL_GPIO_ReadPin
 .text.HAL_GPIO_WritePin
                0x00000000080078e8        0x8 ../../../chleggett/DaisyExamples/libDaisy//build/libdaisy.a(stm32h7xx_hal_gpio.o)
                0x00000000080078e8                HAL_GPIO_WritePin
 .text.HAL_HCD_IRQHandler
                0x00000000080078f0      0x780 ../../../chleggett/DaisyExamples/libDaisy//build/libdaisy.a(stm32h7xx_hal_hcd.o)
                0x00000000080078f0                HAL_HCD_IRQHandler
 .text.HAL_HCD_Stop
                0x0000000008008070       0x28 ../../../chleggett/DaisyExamples/libDaisy//build/libdaisy.a(stm32h7xx_hal_hcd.o)
                0x0000000008008070                HAL_HCD_Stop
 .text.I2C_WaitOnTXISFlagUntilTimeout
                0x0000000008008098       0xb8 ../../../chleggett/DaisyExamples/libDaisy//build/libdaisy.a(stm32h7xx_hal_i2c.o)
 .text.I2C_WaitOnSTOPFlagUntilTimeout
                0x0000000008008150       0xac ../../../chleggett/DaisyExamples/libDaisy//build/libdaisy.a(stm32h7xx_hal_i2c.o)
 .text.HAL_I2C_Init
                0x00000000080081fc       0xac ../../../chleggett/DaisyExamples/libDaisy//build/libdaisy.a(stm32h7xx_hal_i2c.o)
                0x00000000080081fc                HAL_I2C_Init
 .text.HAL_I2C_Master_Transmit
                0x00000000080082a8      0x1a8 ../../../chleggett/DaisyExamples/libDaisy//build/libdaisy.a(stm32h7xx_hal_i2c.o)
                0x00000000080082a8                HAL_I2C_Master_Transmit
 .text.HAL_I2C_Slave_Transmit
                0x0000000008008450      0x1c8 ../../../chleggett/DaisyExamples/libDaisy//build/libdaisy.a(stm32h7xx_hal_i2c.o)
                0x0000000008008450                HAL_I2C_Slave_Transmit
 .text.HAL_I2C_EV_IRQHandler
                0x0000000008008618       0x10 ../../../chleggett/DaisyExamples/libDaisy//build/libdaisy.a(stm32h7xx_hal_i2c.o)
                0x0000000008008618                HAL_I2C_EV_IRQHandler
 .text.HAL_I2C_GetState
                0x0000000008008628        0x8 ../../../chleggett/DaisyExamples/libDaisy//build/libdaisy.a(stm32h7xx_hal_i2c.o)
                0x0000000008008628                HAL_I2C_GetState
 .text.HAL_I2CEx_ConfigAnalogFilter
                0x0000000008008630       0x54 ../../../chleggett/DaisyExamples/libDaisy//build/libdaisy.a(stm32h7xx_hal_i2c_ex.o)
                0x0000000008008630                HAL_I2CEx_ConfigAnalogFilter
 .text.HAL_I2CEx_ConfigDigitalFilter
                0x0000000008008684       0x58 ../../../chleggett/DaisyExamples/libDaisy//build/libdaisy.a(stm32h7xx_hal_i2c_ex.o)
                0x0000000008008684                HAL_I2CEx_ConfigDigitalFilter
 .text.HAL_PCD_IRQHandler
                0x00000000080086dc      0x69c ../../../chleggett/DaisyExamples/libDaisy//build/libdaisy.a(stm32h7xx_hal_pcd.o)
                0x00000000080086dc                HAL_PCD_IRQHandler
 .text.HAL_PCD_SetAddress
                0x0000000008008d78       0x2c ../../../chleggett/DaisyExamples/libDaisy//build/libdaisy.a(stm32h7xx_hal_pcd.o)
                0x0000000008008d78                HAL_PCD_SetAddress
 .text.HAL_PCD_EP_Open
                0x0000000008008da4       0x7c ../../../chleggett/DaisyExamples/libDaisy//build/libdaisy.a(stm32h7xx_hal_pcd.o)
                0x0000000008008da4                HAL_PCD_EP_Open
 .text.HAL_PCD_EP_Receive
                0x0000000008008e20       0x50 ../../../chleggett/DaisyExamples/libDaisy//build/libdaisy.a(stm32h7xx_hal_pcd.o)
                0x0000000008008e20                HAL_PCD_EP_Receive
 .text.HAL_PCD_EP_Transmit
                0x0000000008008e70       0x50 ../../../chleggett/DaisyExamples/libDaisy//build/libdaisy.a(stm32h7xx_hal_pcd.o)
                0x0000000008008e70                HAL_PCD_EP_Transmit
 .text.HAL_PCD_EP_SetStall
                0x0000000008008ec0       0x88 ../../../chleggett/DaisyExamples/libDaisy//build/libdaisy.a(stm32h7xx_hal_pcd.o)
                0x0000000008008ec0                HAL_PCD_EP_SetStall
 .text.HAL_PCD_EP_ClrStall
                0x0000000008008f48       0x78 ../../../chleggett/DaisyExamples/libDaisy//build/libdaisy.a(stm32h7xx_hal_pcd.o)
                0x0000000008008f48                HAL_PCD_EP_ClrStall
 .text.HAL_PCDEx_LPM_Callback
                0x0000000008008fc0        0x4 ../../../chleggett/DaisyExamples/libDaisy//build/libdaisy.a(stm32h7xx_hal_pcd_ex.o)
                0x0000000008008fc0                HAL_PCDEx_LPM_Callback
 .text.HAL_PWREx_ConfigSupply
                0x0000000008008fc4       0x4c ../../../chleggett/DaisyExamples/libDaisy//build/libdaisy.a(stm32h7xx_hal_pwr_ex.o)
                0x0000000008008fc4                HAL_PWREx_ConfigSupply
 .text.HAL_PWREx_EnableUSBVoltageDetector
                0x0000000008009010       0x10 ../../../chleggett/DaisyExamples/libDaisy//build/libdaisy.a(stm32h7xx_hal_pwr_ex.o)
                0x0000000008009010                HAL_PWREx_EnableUSBVoltageDetector
 .text.QSPI_Config
                0x0000000008009020      0x174 ../../../chleggett/DaisyExamples/libDaisy//build/libdaisy.a(stm32h7xx_hal_qspi.o)
 .text.HAL_QSPI_Init
                0x0000000008009194       0xd8 ../../../chleggett/DaisyExamples/libDaisy//build/libdaisy.a(stm32h7xx_hal_qspi.o)
                0x0000000008009194                HAL_QSPI_Init
 .text.HAL_QSPI_DeInit
                0x000000000800926c       0x3c ../../../chleggett/DaisyExamples/libDaisy//build/libdaisy.a(stm32h7xx_hal_qspi.o)
                0x000000000800926c                HAL_QSPI_DeInit
 .text.HAL_QSPI_Command
                0x00000000080092a8       0xd4 ../../../chleggett/DaisyExamples/libDaisy//build/libdaisy.a(stm32h7xx_hal_qspi.o)
                0x00000000080092a8                HAL_QSPI_Command
 .text.HAL_QSPI_Transmit
                0x000000000800937c       0xfc ../../../chleggett/DaisyExamples/libDaisy//build/libdaisy.a(stm32h7xx_hal_qspi.o)
                0x000000000800937c                HAL_QSPI_Transmit
 .text.HAL_QSPI_Receive
                0x0000000008009478      0x108 ../../../chleggett/DaisyExamples/libDaisy//build/libdaisy.a(stm32h7xx_hal_qspi.o)
                0x0000000008009478                HAL_QSPI_Receive
 .text.HAL_QSPI_AutoPolling
                0x0000000008009580       0xf0 ../../../chleggett/DaisyExamples/libDaisy//build/libdaisy.a(stm32h7xx_hal_qspi.o)
                0x0000000008009580                HAL_QSPI_AutoPolling
 .text.HAL_QSPI_MemoryMapped
                0x0000000008009670       0xc0 ../../../chleggett/DaisyExamples/libDaisy//build/libdaisy.a(stm32h7xx_hal_qspi.o)
                0x0000000008009670                HAL_QSPI_MemoryMapped
 .text.HAL_QSPI_ErrorCallback
                0x0000000008009730        0x4 ../../../chleggett/DaisyExamples/libDaisy//build/libdaisy.a(stm32h7xx_hal_qspi.o)
                0x0000000008009730                HAL_QSPI_ErrorCallback
 .text.QSPI_DMAAbortCplt
                0x0000000008009734       0x38 ../../../chleggett/DaisyExamples/libDaisy//build/libdaisy.a(stm32h7xx_hal_qspi.o)
 .text.HAL_QSPI_AbortCpltCallback
                0x000000000800976c        0x4 ../../../chleggett/DaisyExamples/libDaisy//build/libdaisy.a(stm32h7xx_hal_qspi.o)
                0x000000000800976c                HAL_QSPI_AbortCpltCallback
 .text.HAL_QSPI_CmdCpltCallback
                0x0000000008009770        0x4 ../../../chleggett/DaisyExamples/libDaisy//build/libdaisy.a(stm32h7xx_hal_qspi.o)
                0x0000000008009770                HAL_QSPI_CmdCpltCallback
 .text.HAL_QSPI_RxCpltCallback
                0x0000000008009774        0x4 ../../../chleggett/DaisyExamples/libDaisy//build/libdaisy.a(stm32h7xx_hal_qspi.o)
                0x0000000008009774                HAL_QSPI_RxCpltCallback
 .text.HAL_QSPI_TxCpltCallback
                0x0000000008009778        0x4 ../../../chleggett/DaisyExamples/libDaisy//build/libdaisy.a(stm32h7xx_hal_qspi.o)
                0x0000000008009778                HAL_QSPI_TxCpltCallback
 .text.HAL_QSPI_FifoThresholdCallback
                0x000000000800977c        0x4 ../../../chleggett/DaisyExamples/libDaisy//build/libdaisy.a(stm32h7xx_hal_qspi.o)
                0x000000000800977c                HAL_QSPI_FifoThresholdCallback
 .text.HAL_QSPI_StatusMatchCallback
                0x0000000008009780        0x4 ../../../chleggett/DaisyExamples/libDaisy//build/libdaisy.a(stm32h7xx_hal_qspi.o)
                0x0000000008009780                HAL_QSPI_StatusMatchCallback
 .text.HAL_QSPI_TimeOutCallback
                0x0000000008009784        0x4 ../../../chleggett/DaisyExamples/libDaisy//build/libdaisy.a(stm32h7xx_hal_qspi.o)
                0x0000000008009784                HAL_QSPI_TimeOutCallback
 .text.HAL_QSPI_IRQHandler
                0x0000000008009788      0x210 ../../../chleggett/DaisyExamples/libDaisy//build/libdaisy.a(stm32h7xx_hal_qspi.o)
                0x0000000008009788                HAL_QSPI_IRQHandler
 .text.HAL_RCC_OscConfig
                0x0000000008009998      0x51c ../../../chleggett/DaisyExamples/libDaisy//build/libdaisy.a(stm32h7xx_hal_rcc.o)
                0x0000000008009998                HAL_RCC_OscConfig
 .text.HAL_RCC_GetSysClockFreq
                0x0000000008009eb4      0x140 ../../../chleggett/DaisyExamples/libDaisy//build/libdaisy.a(stm32h7xx_hal_rcc.o)
                0x0000000008009eb4                HAL_RCC_GetSysClockFreq
 .text.HAL_RCC_ClockConfig
                0x0000000008009ff4      0x234 ../../../chleggett/DaisyExamples/libDaisy//build/libdaisy.a(stm32h7xx_hal_rcc.o)
                0x0000000008009ff4                HAL_RCC_ClockConfig
 .text.HAL_RCC_GetHCLKFreq
                0x000000000800a228       0x2c ../../../chleggett/DaisyExamples/libDaisy//build/libdaisy.a(stm32h7xx_hal_rcc.o)
                0x000000000800a228                HAL_RCC_GetHCLKFreq
 .text.HAL_RCC_GetPCLK1Freq
                0x000000000800a254       0x38 ../../../chleggett/DaisyExamples/libDaisy//build/libdaisy.a(stm32h7xx_hal_rcc.o)
                0x000000000800a254                HAL_RCC_GetPCLK1Freq
 .text.HAL_RCC_GetPCLK2Freq
                0x000000000800a28c       0x38 ../../../chleggett/DaisyExamples/libDaisy//build/libdaisy.a(stm32h7xx_hal_rcc.o)
                0x000000000800a28c                HAL_RCC_GetPCLK2Freq
 .text.RCCEx_PLL2_Config
                0x000000000800a2c4       0xf4 ../../../chleggett/DaisyExamples/libDaisy//build/libdaisy.a(stm32h7xx_hal_rcc_ex.o)
 .text.RCCEx_PLL3_Config
                0x000000000800a3b8       0xf4 ../../../chleggett/DaisyExamples/libDaisy//build/libdaisy.a(stm32h7xx_hal_rcc_ex.o)
 .text.HAL_RCCEx_PeriphCLKConfig
                0x000000000800a4ac      0xa7c ../../../chleggett/DaisyExamples/libDaisy//build/libdaisy.a(stm32h7xx_hal_rcc_ex.o)
                0x000000000800a4ac                HAL_RCCEx_PeriphCLKConfig
 .text.HAL_RCCEx_GetD3PCLK1Freq
                0x000000000800af28       0x24 ../../../chleggett/DaisyExamples/libDaisy//build/libdaisy.a(stm32h7xx_hal_rcc_ex.o)
                0x000000000800af28                HAL_RCCEx_GetD3PCLK1Freq
 .text.HAL_RCCEx_GetPLL2ClockFreq
                0x000000000800af4c      0x17c ../../../chleggett/DaisyExamples/libDaisy//build/libdaisy.a(stm32h7xx_hal_rcc_ex.o)
                0x000000000800af4c                HAL_RCCEx_GetPLL2ClockFreq
 .text.HAL_RCCEx_GetPLL3ClockFreq
                0x000000000800b0c8      0x17c ../../../chleggett/DaisyExamples/libDaisy//build/libdaisy.a(stm32h7xx_hal_rcc_ex.o)
                0x000000000800b0c8                HAL_RCCEx_GetPLL3ClockFreq
 .text.HAL_RCCEx_GetPLL1ClockFreq
                0x000000000800b244      0x17c ../../../chleggett/DaisyExamples/libDaisy//build/libdaisy.a(stm32h7xx_hal_rcc_ex.o)
                0x000000000800b244                HAL_RCCEx_GetPLL1ClockFreq
 .text.HAL_RCCEx_GetPeriphCLKFreq
                0x000000000800b3c0      0x198 ../../../chleggett/DaisyExamples/libDaisy//build/libdaisy.a(stm32h7xx_hal_rcc_ex.o)
                0x000000000800b3c0                HAL_RCCEx_GetPeriphCLKFreq
 .text.HAL_RCCEx_GetD1SysClockFreq
                0x000000000800b558       0x2c ../../../chleggett/DaisyExamples/libDaisy//build/libdaisy.a(stm32h7xx_hal_rcc_ex.o)
                0x000000000800b558                HAL_RCCEx_GetD1SysClockFreq
 .text.HAL_SAI_Init.part.0
                0x000000000800b584      0x348 ../../../chleggett/DaisyExamples/libDaisy//build/libdaisy.a(stm32h7xx_hal_sai.o)
 .text.HAL_SAI_InitProtocol
                0x000000000800b8cc      0x178 ../../../chleggett/DaisyExamples/libDaisy//build/libdaisy.a(stm32h7xx_hal_sai.o)
                0x000000000800b8cc                HAL_SAI_InitProtocol
 .text.HAL_SAI_Transmit_DMA
                0x000000000800ba44      0x124 ../../../chleggett/DaisyExamples/libDaisy//build/libdaisy.a(stm32h7xx_hal_sai.o)
                0x000000000800ba44                HAL_SAI_Transmit_DMA
 .text.HAL_SAI_Receive_DMA
                0x000000000800bb68       0xd0 ../../../chleggett/DaisyExamples/libDaisy//build/libdaisy.a(stm32h7xx_hal_sai.o)
                0x000000000800bb68                HAL_SAI_Receive_DMA
 .text.HAL_SAI_TxCpltCallback
                0x000000000800bc38        0x4 ../../../chleggett/DaisyExamples/libDaisy//build/libdaisy.a(stm32h7xx_hal_sai.o)
                0x000000000800bc38                HAL_SAI_TxCpltCallback
 .text.SAI_DMATxCplt
                0x000000000800bc3c       0x64 ../../../chleggett/DaisyExamples/libDaisy//build/libdaisy.a(stm32h7xx_hal_sai.o)
 .text.HAL_SAI_TxHalfCpltCallback
                0x000000000800bca0        0x4 ../../../chleggett/DaisyExamples/libDaisy//build/libdaisy.a(stm32h7xx_hal_sai.o)
                0x000000000800bca0                HAL_SAI_TxHalfCpltCallback
 .text.SAI_DMATxHalfCplt
                0x000000000800bca4        0xc ../../../chleggett/DaisyExamples/libDaisy//build/libdaisy.a(stm32h7xx_hal_sai.o)
 .text.SAI_DMARxCplt
                0x000000000800bcb0       0x64 ../../../chleggett/DaisyExamples/libDaisy//build/libdaisy.a(stm32h7xx_hal_sai.o)
 .text.SAI_DMARxHalfCplt
                0x000000000800bd14        0xc ../../../chleggett/DaisyExamples/libDaisy//build/libdaisy.a(stm32h7xx_hal_sai.o)
 .text.HAL_SAI_ErrorCallback
                0x000000000800bd20        0x4 ../../../chleggett/DaisyExamples/libDaisy//build/libdaisy.a(stm32h7xx_hal_sai.o)
                0x000000000800bd20                HAL_SAI_ErrorCallback
 .text.SAI_DMAError
                0x000000000800bd24       0x6c ../../../chleggett/DaisyExamples/libDaisy//build/libdaisy.a(stm32h7xx_hal_sai.o)
 .text.HAL_SDRAM_Init
                0x000000000800bd90       0x54 ../../../chleggett/DaisyExamples/libDaisy//build/libdaisy.a(stm32h7xx_hal_sdram.o)
                0x000000000800bd90                HAL_SDRAM_Init
 .text.HAL_SDRAM_SendCommand
                0x000000000800bde4       0x40 ../../../chleggett/DaisyExamples/libDaisy//build/libdaisy.a(stm32h7xx_hal_sdram.o)
                0x000000000800bde4                HAL_SDRAM_SendCommand
 .text.HAL_SDRAM_ProgramRefreshRate
                0x000000000800be24       0x30 ../../../chleggett/DaisyExamples/libDaisy//build/libdaisy.a(stm32h7xx_hal_sdram.o)
                0x000000000800be24                HAL_SDRAM_ProgramRefreshRate
 .text.HAL_UART_Transmit_DMA
                0x000000000800be54       0xa4 ../../../chleggett/DaisyExamples/libDaisy//build/libdaisy.a(stm32h7xx_hal_uart.o)
                0x000000000800be54                HAL_UART_Transmit_DMA
 .text.HAL_UART_Receive_DMA
                0x000000000800bef8       0xac ../../../chleggett/DaisyExamples/libDaisy//build/libdaisy.a(stm32h7xx_hal_uart.o)
                0x000000000800bef8                HAL_UART_Receive_DMA
 .text.UART_DMATransmitCplt
                0x000000000800bfa4       0x2c ../../../chleggett/DaisyExamples/libDaisy//build/libdaisy.a(stm32h7xx_hal_uart.o)
 .text.HAL_UART_TxHalfCpltCallback
                0x000000000800bfd0        0x4 ../../../chleggett/DaisyExamples/libDaisy//build/libdaisy.a(stm32h7xx_hal_uart.o)
                0x000000000800bfd0                HAL_UART_TxHalfCpltCallback
 .text.UART_DMATxHalfCplt
                0x000000000800bfd4        0xc ../../../chleggett/DaisyExamples/libDaisy//build/libdaisy.a(stm32h7xx_hal_uart.o)
 .text.UART_DMAReceiveCplt
                0x000000000800bfe0       0x38 ../../../chleggett/DaisyExamples/libDaisy//build/libdaisy.a(stm32h7xx_hal_uart.o)
 .text.UART_DMARxHalfCplt
                0x000000000800c018        0xc ../../../chleggett/DaisyExamples/libDaisy//build/libdaisy.a(stm32h7xx_hal_uart.o)
 .text.UART_DMAError
                0x000000000800c024       0x78 ../../../chleggett/DaisyExamples/libDaisy//build/libdaisy.a(stm32h7xx_hal_uart.o)
 .text.HAL_UART_IRQHandler
                0x000000000800c09c      0x1d0 ../../../chleggett/DaisyExamples/libDaisy//build/libdaisy.a(stm32h7xx_hal_uart.o)
                0x000000000800c09c                HAL_UART_IRQHandler
 .text.UART_DMAAbortOnError
                0x000000000800c26c       0x14 ../../../chleggett/DaisyExamples/libDaisy//build/libdaisy.a(stm32h7xx_hal_uart.o)
 .text.HAL_UART_GetState
                0x000000000800c280        0xc ../../../chleggett/DaisyExamples/libDaisy//build/libdaisy.a(stm32h7xx_hal_uart.o)
                0x000000000800c280                HAL_UART_GetState
 .text.UART_SetConfig
                0x000000000800c28c     0x14b8 ../../../chleggett/DaisyExamples/libDaisy//build/libdaisy.a(stm32h7xx_hal_uart.o)
                0x000000000800c28c                UART_SetConfig
 .text.UART_AdvFeatureConfig
                0x000000000800d744       0xb0 ../../../chleggett/DaisyExamples/libDaisy//build/libdaisy.a(stm32h7xx_hal_uart.o)
                0x000000000800d744                UART_AdvFeatureConfig
 .text.UART_CheckIdleState
                0x000000000800d7f4       0x84 ../../../chleggett/DaisyExamples/libDaisy//build/libdaisy.a(stm32h7xx_hal_uart.o)
                0x000000000800d7f4                UART_CheckIdleState
 .text.HAL_UART_Init
                0x000000000800d878       0x68 ../../../chleggett/DaisyExamples/libDaisy//build/libdaisy.a(stm32h7xx_hal_uart.o)
                0x000000000800d878                HAL_UART_Init
 .text.HAL_UARTEx_WakeupCallback
                0x000000000800d8e0        0x4 ../../../chleggett/DaisyExamples/libDaisy//build/libdaisy.a(stm32h7xx_hal_uart_ex.o)
                0x000000000800d8e0                HAL_UARTEx_WakeupCallback
 .text.HAL_UARTEx_RxFifoFullCallback
                0x000000000800d8e4        0x4 ../../../chleggett/DaisyExamples/libDaisy//build/libdaisy.a(stm32h7xx_hal_uart_ex.o)
                0x000000000800d8e4                HAL_UARTEx_RxFifoFullCallback
 .text.HAL_UARTEx_TxFifoEmptyCallback
                0x000000000800d8e8        0x4 ../../../chleggett/DaisyExamples/libDaisy//build/libdaisy.a(stm32h7xx_hal_uart_ex.o)
                0x000000000800d8e8                HAL_UARTEx_TxFifoEmptyCallback
 .text.HAL_UARTEx_DisableFifoMode
                0x000000000800d8ec       0x3c ../../../chleggett/DaisyExamples/libDaisy//build/libdaisy.a(stm32h7xx_hal_uart_ex.o)
                0x000000000800d8ec                HAL_UARTEx_DisableFifoMode
 .text.HAL_UARTEx_SetTxFifoThreshold
                0x000000000800d928       0xa4 ../../../chleggett/DaisyExamples/libDaisy//build/libdaisy.a(stm32h7xx_hal_uart_ex.o)
                0x000000000800d928                HAL_UARTEx_SetTxFifoThreshold
 .text.HAL_UARTEx_SetRxFifoThreshold
                0x000000000800d9cc       0xa4 ../../../chleggett/DaisyExamples/libDaisy//build/libdaisy.a(stm32h7xx_hal_uart_ex.o)
                0x000000000800d9cc                HAL_UARTEx_SetRxFifoThreshold
 .text.FMC_SDRAM_Init
                0x000000000800da70       0x7c ../../../chleggett/DaisyExamples/libDaisy//build/libdaisy.a(stm32h7xx_ll_fmc.o)
                0x000000000800da70                FMC_SDRAM_Init
 .text.FMC_SDRAM_Timing_Init
                0x000000000800daec       0x98 ../../../chleggett/DaisyExamples/libDaisy//build/libdaisy.a(stm32h7xx_ll_fmc.o)
                0x000000000800daec                FMC_SDRAM_Timing_Init
 .text.FMC_SDRAM_SendCommand
                0x000000000800db84       0x28 ../../../chleggett/DaisyExamples/libDaisy//build/libdaisy.a(stm32h7xx_ll_fmc.o)
                0x000000000800db84                FMC_SDRAM_SendCommand
 .text.FMC_SDRAM_ProgramRefreshRate
                0x000000000800dbac       0x1c ../../../chleggett/DaisyExamples/libDaisy//build/libdaisy.a(stm32h7xx_ll_fmc.o)
                0x000000000800dbac                FMC_SDRAM_ProgramRefreshRate
 .text.USB_SetTurnaroundTime
                0x000000000800dbc8      0x104 ../../../chleggett/DaisyExamples/libDaisy//build/libdaisy.a(stm32h7xx_ll_usb.o)
                0x000000000800dbc8                USB_SetTurnaroundTime
 .text.USB_FlushTxFifo
                0x000000000800dccc       0x34 ../../../chleggett/DaisyExamples/libDaisy//build/libdaisy.a(stm32h7xx_ll_usb.o)
                0x000000000800dccc                USB_FlushTxFifo
 .text.USB_GetDevSpeed
                0x000000000800dd00       0x24 ../../../chleggett/DaisyExamples/libDaisy//build/libdaisy.a(stm32h7xx_ll_usb.o)
                0x000000000800dd00                USB_GetDevSpeed
 .text.USB_ActivateEndpoint
                0x000000000800dd24       0x90 ../../../chleggett/DaisyExamples/libDaisy//build/libdaisy.a(stm32h7xx_ll_usb.o)
                0x000000000800dd24                USB_ActivateEndpoint
 .text.USB_EPStartXfer
                0x000000000800ddb4      0x230 ../../../chleggett/DaisyExamples/libDaisy//build/libdaisy.a(stm32h7xx_ll_usb.o)
                0x000000000800ddb4                USB_EPStartXfer
 .text.USB_EP0StartXfer
                0x000000000800dfe4      0x174 ../../../chleggett/DaisyExamples/libDaisy//build/libdaisy.a(stm32h7xx_ll_usb.o)
                0x000000000800dfe4                USB_EP0StartXfer
 .text.USB_WritePacket
                0x000000000800e158       0x2c ../../../chleggett/DaisyExamples/libDaisy//build/libdaisy.a(stm32h7xx_ll_usb.o)
                0x000000000800e158                USB_WritePacket
 .text.USB_ReadPacket
                0x000000000800e184       0x20 ../../../chleggett/DaisyExamples/libDaisy//build/libdaisy.a(stm32h7xx_ll_usb.o)
                0x000000000800e184                USB_ReadPacket
 .text.USB_EPSetStall
                0x000000000800e1a4       0x68 ../../../chleggett/DaisyExamples/libDaisy//build/libdaisy.a(stm32h7xx_ll_usb.o)
                0x000000000800e1a4                USB_EPSetStall
 .text.USB_EPClearStall
                0x000000000800e20c       0x58 ../../../chleggett/DaisyExamples/libDaisy//build/libdaisy.a(stm32h7xx_ll_usb.o)
                0x000000000800e20c                USB_EPClearStall
 .text.USB_SetDevAddress
                0x000000000800e264       0x24 ../../../chleggett/DaisyExamples/libDaisy//build/libdaisy.a(stm32h7xx_ll_usb.o)
                0x000000000800e264                USB_SetDevAddress
 .text.USB_ReadInterrupts
                0x000000000800e288       0x14 ../../../chleggett/DaisyExamples/libDaisy//build/libdaisy.a(stm32h7xx_ll_usb.o)
                0x000000000800e288                USB_ReadInterrupts
 .text.USB_ReadDevAllOutEpInterrupt
                0x000000000800e29c       0x1c ../../../chleggett/DaisyExamples/libDaisy//build/libdaisy.a(stm32h7xx_ll_usb.o)
                0x000000000800e29c                USB_ReadDevAllOutEpInterrupt
 .text.USB_ReadDevAllInEpInterrupt
                0x000000000800e2b8       0x1c ../../../chleggett/DaisyExamples/libDaisy//build/libdaisy.a(stm32h7xx_ll_usb.o)
                0x000000000800e2b8                USB_ReadDevAllInEpInterrupt
 .text.USB_ReadDevOutEPInterrupt
                0x000000000800e2d4       0x1c ../../../chleggett/DaisyExamples/libDaisy//build/libdaisy.a(stm32h7xx_ll_usb.o)
                0x000000000800e2d4                USB_ReadDevOutEPInterrupt
 .text.USB_ReadDevInEPInterrupt
                0x000000000800e2f0       0x38 ../../../chleggett/DaisyExamples/libDaisy//build/libdaisy.a(stm32h7xx_ll_usb.o)
                0x000000000800e2f0                USB_ReadDevInEPInterrupt
 .text.USB_GetMode
                0x000000000800e328        0x8 ../../../chleggett/DaisyExamples/libDaisy//build/libdaisy.a(stm32h7xx_ll_usb.o)
                0x000000000800e328                USB_GetMode
 .text.USB_ActivateSetup
                0x000000000800e330       0x38 ../../../chleggett/DaisyExamples/libDaisy//build/libdaisy.a(stm32h7xx_ll_usb.o)
                0x000000000800e330                USB_ActivateSetup
 .text.USB_EP0_OutStart
                0x000000000800e368       0x58 ../../../chleggett/DaisyExamples/libDaisy//build/libdaisy.a(stm32h7xx_ll_usb.o)
                0x000000000800e368                USB_EP0_OutStart
 .text.USB_InitFSLSPClkSel
                0x000000000800e3c0       0x44 ../../../chleggett/DaisyExamples/libDaisy//build/libdaisy.a(stm32h7xx_ll_usb.o)
                0x000000000800e3c0                USB_InitFSLSPClkSel
 .text.USB_HC_ReadInterrupt
                0x000000000800e404        0x8 ../../../chleggett/DaisyExamples/libDaisy//build/libdaisy.a(stm32h7xx_ll_usb.o)
                0x000000000800e404                USB_HC_ReadInterrupt
 .text.USB_HC_Halt
                0x000000000800e40c       0xc0 ../../../chleggett/DaisyExamples/libDaisy//build/libdaisy.a(stm32h7xx_ll_usb.o)
                0x000000000800e40c                USB_HC_Halt
 .text.USB_StopHost
                0x000000000800e4cc      0x2ec ../../../chleggett/DaisyExamples/libDaisy//build/libdaisy.a(stm32h7xx_ll_usb.o)
                0x000000000800e4cc                USB_StopHost
 .text.USBD_SetClassConfig
                0x000000000800e7b8       0x14 ../../../chleggett/DaisyExamples/libDaisy//build/libdaisy.a(usbd_core.o)
                0x000000000800e7b8                USBD_SetClassConfig
 .text.USBD_ClrClassConfig
                0x000000000800e7cc       0x10 ../../../chleggett/DaisyExamples/libDaisy//build/libdaisy.a(usbd_core.o)
                0x000000000800e7cc                USBD_ClrClassConfig
 .text.USBD_LL_SetupStage
                0x000000000800e7dc       0x5c ../../../chleggett/DaisyExamples/libDaisy//build/libdaisy.a(usbd_core.o)
                0x000000000800e7dc                USBD_LL_SetupStage
 .text.USBD_LL_DataOutStage
                0x000000000800e838       0x7c ../../../chleggett/DaisyExamples/libDaisy//build/libdaisy.a(usbd_core.o)
                0x000000000800e838                USBD_LL_DataOutStage
 .text.USBD_LL_DataInStage
                0x000000000800e8b4       0xcc ../../../chleggett/DaisyExamples/libDaisy//build/libdaisy.a(usbd_core.o)
                0x000000000800e8b4                USBD_LL_DataInStage
 .text.USBD_LL_Reset
                0x000000000800e980       0x50 ../../../chleggett/DaisyExamples/libDaisy//build/libdaisy.a(usbd_core.o)
                0x000000000800e980                USBD_LL_Reset
 .text.USBD_LL_SetSpeed
                0x000000000800e9d0        0x8 ../../../chleggett/DaisyExamples/libDaisy//build/libdaisy.a(usbd_core.o)
                0x000000000800e9d0                USBD_LL_SetSpeed
 .text.USBD_LL_Suspend
                0x000000000800e9d8       0x14 ../../../chleggett/DaisyExamples/libDaisy//build/libdaisy.a(usbd_core.o)
                0x000000000800e9d8                USBD_LL_Suspend
 .text.USBD_LL_Resume
                0x000000000800e9ec       0x10 ../../../chleggett/DaisyExamples/libDaisy//build/libdaisy.a(usbd_core.o)
                0x000000000800e9ec                USBD_LL_Resume
 .text.USBD_LL_SOF
                0x000000000800e9fc       0x1c ../../../chleggett/DaisyExamples/libDaisy//build/libdaisy.a(usbd_core.o)
                0x000000000800e9fc                USBD_LL_SOF
 .text.USBD_LL_IsoINIncomplete
                0x000000000800ea18        0x4 ../../../chleggett/DaisyExamples/libDaisy//build/libdaisy.a(usbd_core.o)
                0x000000000800ea18                USBD_LL_IsoINIncomplete
 .text.USBD_LL_IsoOUTIncomplete
                0x000000000800ea1c        0x4 ../../../chleggett/DaisyExamples/libDaisy//build/libdaisy.a(usbd_core.o)
                0x000000000800ea1c                USBD_LL_IsoOUTIncomplete
 .text.USBD_LL_DevConnected
                0x000000000800ea20        0x4 ../../../chleggett/DaisyExamples/libDaisy//build/libdaisy.a(usbd_core.o)
                0x000000000800ea20                USBD_LL_DevConnected
 .text.USBD_LL_DevDisconnected
                0x000000000800ea24       0x18 ../../../chleggett/DaisyExamples/libDaisy//build/libdaisy.a(usbd_core.o)
                0x000000000800ea24                USBD_LL_DevDisconnected
 .text.USBD_StdDevReq
                0x000000000800ea3c      0x304 ../../../chleggett/DaisyExamples/libDaisy//build/libdaisy.a(usbd_ctlreq.o)
                0x000000000800ea3c                USBD_StdDevReq
 .text.USBD_StdItfReq
                0x000000000800ed40       0x68 ../../../chleggett/DaisyExamples/libDaisy//build/libdaisy.a(usbd_ctlreq.o)
                0x000000000800ed40                USBD_StdItfReq
 .text.USBD_StdEPReq
                0x000000000800eda8      0x13c ../../../chleggett/DaisyExamples/libDaisy//build/libdaisy.a(usbd_ctlreq.o)
                0x000000000800eda8                USBD_StdEPReq
 .text.USBD_ParseSetupRequest
                0x000000000800eee4       0x28 ../../../chleggett/DaisyExamples/libDaisy//build/libdaisy.a(usbd_ctlreq.o)
                0x000000000800eee4                USBD_ParseSetupRequest
 .text.USBD_CtlSendData
                0x000000000800ef0c       0x1c ../../../chleggett/DaisyExamples/libDaisy//build/libdaisy.a(usbd_ioreq.o)
                0x000000000800ef0c                USBD_CtlSendData
 .text.USBD_CtlContinueSendData
                0x000000000800ef28       0x14 ../../../chleggett/DaisyExamples/libDaisy//build/libdaisy.a(usbd_ioreq.o)
                0x000000000800ef28                USBD_CtlContinueSendData
 .text.USBD_CtlContinueRx
                0x000000000800ef3c       0x14 ../../../chleggett/DaisyExamples/libDaisy//build/libdaisy.a(usbd_ioreq.o)
                0x000000000800ef3c                USBD_CtlContinueRx
 .text.USBD_CtlSendStatus
                0x000000000800ef50       0x18 ../../../chleggett/DaisyExamples/libDaisy//build/libdaisy.a(usbd_ioreq.o)
                0x000000000800ef50                USBD_CtlSendStatus
 .text.USBD_CtlReceiveStatus
                0x000000000800ef68       0x18 ../../../chleggett/DaisyExamples/libDaisy//build/libdaisy.a(usbd_ioreq.o)
                0x000000000800ef68                USBD_CtlReceiveStatus
 .text.USBH_LL_IncTimer
                0x000000000800ef80       0x20 ../../../chleggett/DaisyExamples/libDaisy//build/libdaisy.a(usbh_core.o)
                0x000000000800ef80                USBH_LL_IncTimer
 .text.USBH_LL_PortEnabled
                0x000000000800efa0        0x8 ../../../chleggett/DaisyExamples/libDaisy//build/libdaisy.a(usbh_core.o)
                0x000000000800efa0                USBH_LL_PortEnabled
 .text.USBH_LL_PortDisabled
                0x000000000800efa8        0x8 ../../../chleggett/DaisyExamples/libDaisy//build/libdaisy.a(usbh_core.o)
                0x000000000800efa8                USBH_LL_PortDisabled
 .text.USBH_LL_Connect
                0x000000000800efb0       0x18 ../../../chleggett/DaisyExamples/libDaisy//build/libdaisy.a(usbh_core.o)
                0x000000000800efb0                USBH_LL_Connect
 .text.USBH_LL_Disconnect
                0x000000000800efc8       0x2c ../../../chleggett/DaisyExamples/libDaisy//build/libdaisy.a(usbh_core.o)
                0x000000000800efc8                USBH_LL_Disconnect
 .text.USBH_FreePipe
                0x000000000800eff4       0x18 ../../../chleggett/DaisyExamples/libDaisy//build/libdaisy.a(usbh_pipes.o)
                0x000000000800eff4                USBH_FreePipe
 .text._ZN5daisy3Led4InitE12dsy_gpio_pinbf
                0x000000000800f00c       0x48 ../../../chleggett/DaisyExamples/libDaisy//build/libdaisy.a(led.o)
                0x000000000800f00c                daisy::Led::Init(dsy_gpio_pin, bool, float)
 .text._ZN5daisy3Led3SetEf
                0x000000000800f054       0x24 ../../../chleggett/DaisyExamples/libDaisy//build/libdaisy.a(led.o)
                0x000000000800f054                daisy::Led::Set(float)
 .text._ZN5daisy3Led6UpdateEv
                0x000000000800f078       0x48 ../../../chleggett/DaisyExamples/libDaisy//build/libdaisy.a(led.o)
                0x000000000800f078                daisy::Led::Update()
 .text._ZN5daisy6Random4InitEv
                0x000000000800f0c0       0x3c ../../../chleggett/DaisyExamples/libDaisy//build/libdaisy.a(rng.o)
                0x000000000800f0c0                daisy::Random::Init()
 .text._ZN5daisy9SpiHandle4Impl7InitDmaEv
                0x000000000800f0fc       0xec ../../../chleggett/DaisyExamples/libDaisy//build/libdaisy.a(spi.o)
                0x000000000800f0fc                daisy::SpiHandle::Impl::InitDma()
 .text._ZN5daisy9SpiHandle4Impl10StartDmaTxEPhjPFvPvEPFvS3_NS0_6ResultEES3_
                0x000000000800f1e8       0xc8 ../../../chleggett/DaisyExamples/libDaisy//build/libdaisy.a(spi.o)
                0x000000000800f1e8                daisy::SpiHandle::Impl::StartDmaTx(unsigned char*, unsigned int, void (*)(void*), void (*)(void*, daisy::SpiHandle::Result), void*)
 .text._ZN5daisy9SpiHandle4Impl10StartDmaRxEPhjPFvPvEPFvS3_NS0_6ResultEES3_
                0x000000000800f2b0       0xc8 ../../../chleggett/DaisyExamples/libDaisy//build/libdaisy.a(spi.o)
                0x000000000800f2b0                daisy::SpiHandle::Impl::StartDmaRx(unsigned char*, unsigned int, void (*)(void*), void (*)(void*, daisy::SpiHandle::Result), void*)
 .text._ZN5daisy9SpiHandle4Impl12StartDmaRxTxEPhS2_jPFvPvEPFvS3_NS0_6ResultEES3_
                0x000000000800f378       0xcc ../../../chleggett/DaisyExamples/libDaisy//build/libdaisy.a(spi.o)
                0x000000000800f378                daisy::SpiHandle::Impl::StartDmaRxTx(unsigned char*, unsigned char*, unsigned int, void (*)(void*), void (*)(void*, daisy::SpiHandle::Result), void*)
 .text._ZN5daisy9SpiHandle4Impl8InitPinsEv
                0x000000000800f444      0x274 ../../../chleggett/DaisyExamples/libDaisy//build/libdaisy.a(spi.o)
                0x000000000800f444                daisy::SpiHandle::Impl::InitPins()
 .text.HAL_SPI_MspInit
                0x000000000800f6b8      0x1a8 ../../../chleggett/DaisyExamples/libDaisy//build/libdaisy.a(spi.o)
                0x000000000800f6b8                HAL_SPI_MspInit
 .text.dsy_spi_global_init
                0x000000000800f860       0x80 ../../../chleggett/DaisyExamples/libDaisy//build/libdaisy.a(spi.o)
                0x000000000800f860                dsy_spi_global_init
 .text.SPI1_IRQHandler
                0x000000000800f8e0        0xc ../../../chleggett/DaisyExamples/libDaisy//build/libdaisy.a(spi.o)